Feb 08 21:00:33 hpPav systemd[1]: Unmounted Mount unit for kolourpaint, revision 69.
Feb 08 21:00:33 hpPav systemd[1]: boot-efi.mount: Succeeded.
Feb 08 21:00:33 hpPav systemd[1]: Unmounted /boot/efi.
Feb 08 21:00:33 hpPav systemd[1]: snap-gimp-380.mount: Succeeded.
Feb 08 21:00:33 hpPav systemd[1]: Unmounted Mount unit for gimp, revision 380.
Feb 08 21:00:33 hpPav systemd[1]: snap-gnome\x2d3\x2d38\x2d2004-76.mount: Succeeded.
Feb 08 21:00:33 hpPav systemd[1]: Unmounted Mount unit for gnome-3-38-2004, revision 76.
Feb 08 21:00:33 hpPav systemd[1]: snap-inkscape-9866.mount: Succeeded.
Feb 08 21:00:33 hpPav systemd[1]: Unmounted Mount unit for inkscape, revision 9866.
Feb 08 21:00:33 hpPav systemd[1]: snap-notepad\x2dplus\x2dplus-340.mount: Succeeded.
Feb 08 21:00:33 hpPav systemd[1]: Unmounted Mount unit for notepad-plus-plus, revision 340.
Feb 08 21:00:33 hpPav systemd[1]: snap-spotify-56.mount: Succeeded.
Feb 08 21:00:33 hpPav systemd[1]: Unmounted Mount unit for spotify, revision 56.
Feb 08 21:00:33 hpPav systemd[1]: snap-bare-5.mount: Succeeded.
Feb 08 21:00:33 hpPav systemd[1]: Unmounted Mount unit for bare, revision 5.
Feb 08 21:00:33 hpPav systemd[1]: snap-gnome\x2d3\x2d34\x2d1804-72.mount: Succeeded.
Feb 08 21:00:33 hpPav systemd[1]: Unmounted Mount unit for gnome-3-34-1804, revision 72.
Feb 08 21:00:33 hpPav systemd[1]: snap-gtk\x2dcommon\x2dthemes-1515.mount: Succeeded.
Feb 08 21:00:33 hpPav systemd[1]: Unmounted Mount unit for gtk-common-themes, revision 1515.
Feb 08 21:00:33 hpPav systemd[1]: snap-kde\x2dframeworks\x2d5\x2dcore18-32.mount: Succeeded.
Feb 08 21:00:33 hpPav systemd[1]: Unmounted Mount unit for kde-frameworks-5-core18, revision 32.
Feb 08 21:00:33 hpPav systemd[1]: snap-kde\x2dframeworks\x2d5\x2dqt\x2d5\x2d15\x2d3\x2dcore20-8.mount: Succeeded.
Feb 08 21:00:33 hpPav systemd[1]: Unmounted Mount unit for kde-frameworks-5-qt-5-15-3-core20, revision 8.
Feb 08 21:00:33 hpPav systemd[1]: snap-kolourpaint-70.mount: Succeeded.
Feb 08 21:00:33 hpPav systemd[1]: Unmounted Mount unit for kolourpaint, revision 70.
Feb 08 21:00:33 hpPav systemd[1]: snap-snapd-14295.mount: Succeeded.
Feb 08 21:00:33 hpPav systemd[1]: Unmounted Mount unit for snapd, revision 14295.
Feb 08 21:00:33 hpPav systemd[1]: snap-snapd-14549.mount: Succeeded.
Feb 08 21:00:33 hpPav systemd[1]: Unmounted Mount unit for snapd, revision 14549.
Feb 08 21:00:33 hpPav systemd[1]: snap-teams\x2dfor\x2dlinux-205.mount: Succeeded.
Feb 08 21:00:33 hpPav systemd[1]: Unmounted Mount unit for teams-for-linux, revision 205.
Feb 08 21:00:33 hpPav systemd[1]: snap-wine\x2dplatform\x2d5\x2dstable-16.mount: Succeeded.
Feb 08 21:00:33 hpPav systemd[1]: Unmounted Mount unit for wine-platform-5-stable, revision 16.
Feb 08 21:00:33 hpPav systemd[1]: snap-wine\x2dplatform\x2d5\x2dstable-18.mount: Succeeded.
Feb 08 21:00:33 hpPav systemd[1]: Unmounted Mount unit for wine-platform-5-stable, revision 18.
Feb 08 21:00:33 hpPav systemd[1]: snap-wine\x2dplatform\x2d6\x2dstable-8.mount: Succeeded.
Feb 08 21:00:33 hpPav systemd[1]: Unmounted Mount unit for wine-platform-6-stable, revision 8.
Feb 08 21:00:33 hpPav systemd[1]: snap-wine\x2dplatform\x2druntime-283.mount: Succeeded.
Feb 08 21:00:33 hpPav systemd[1]: Unmounted Mount unit for wine-platform-runtime, revision 283.
Feb 08 21:00:33 hpPav systemd[1]: systemd-fsck@dev-disk-by\x2duuid-2C56\x2d7222.service: Succeeded.
Feb 08 21:00:33 hpPav systemd[1]: Stopped File System Check on /dev/disk/by-uuid/2C56-7222.
Feb 08 21:00:33 hpPav systemd[1]: Removed slice system-systemd\x2dfsck.slice.
Feb 08 21:00:33 hpPav systemd[1]: snap-inkscape-9711.mount: Succeeded.
Feb 08 21:00:33 hpPav systemd[1]: Unmounted Mount unit for inkscape, revision 9711.
Feb 08 21:00:33 hpPav systemd[1]: snap-snap\x2dstore-558.mount: Succeeded.
Feb 08 21:00:33 hpPav systemd[1]: Unmounted Mount unit for snap-store, revision 558.
Feb 08 21:00:33 hpPav systemd[1]: snap-wine\x2dplatform\x2druntime-284.mount: Succeeded.
Feb 08 21:00:33 hpPav systemd[1]: Unmounted Mount unit for wine-platform-runtime, revision 284.
Feb 08 21:00:33 hpPav systemd[1]: snap-core20-1328.mount: Succeeded.
Feb 08 21:00:33 hpPav systemd[1]: Unmounted Mount unit for core20, revision 1328.
Feb 08 21:00:33 hpPav systemd[1]: snap-gnome\x2d3\x2d28\x2d1804-161.mount: Succeeded.
Feb 08 21:00:33 hpPav systemd[1]: Unmounted Mount unit for gnome-3-28-1804, revision 161.
Feb 08 21:00:33 hpPav systemd[1]: snap-gtk\x2dcommon\x2dthemes-1519.mount: Succeeded.
Feb 08 21:00:33 hpPav systemd[1]: Unmounted Mount unit for gtk-common-themes, revision 1519.
Feb 08 21:00:33 hpPav systemd[1]: snap-notepad\x2dplus\x2dplus-343.mount: Succeeded.
Feb 08 21:00:33 hpPav systemd[1]: Unmounted Mount unit for notepad-plus-plus, revision 343.
Feb 08 21:00:33 hpPav systemd[1]: snap-snap\x2dstore-547.mount: Succeeded.
Feb 08 21:00:33 hpPav systemd[1]: Unmounted Mount unit for snap-store, revision 547.
Feb 08 21:00:33 hpPav systemd[1]: snap-teams\x2dfor\x2dlinux-221.mount: Succeeded.
Feb 08 21:00:33 hpPav systemd[1]: Unmounted Mount unit for teams-for-linux, revision 221.
Feb 08 21:00:33 hpPav systemd[1]: snap-spotify-57.mount: Succeeded.
Feb 08 21:00:33 hpPav systemd[1]: Unmounted Mount unit for spotify, revision 57.
Feb 08 21:00:33 hpPav systemd[1]: Stopped target Local File Systems (Pre).
Feb 08 21:00:33 hpPav systemd[1]: systemd-tmpfiles-setup-dev.service: Succeeded.
Feb 08 21:00:33 hpPav systemd[1]: Stopped Create Static Device Nodes in /dev.
Feb 08 21:00:33 hpPav systemd[1]: systemd-sysusers.service: Succeeded.
Feb 08 21:00:33 hpPav systemd[1]: Stopped Create System Users.
Feb 08 21:00:33 hpPav systemd[1]: swapfile.swap: Succeeded.
Feb 08 21:00:33 hpPav systemd[1]: Deactivated swap /swapfile.
Feb 08 21:00:33 hpPav systemd[1]: Reached target Unmount All Filesystems.
Feb 08 21:00:33 hpPav systemd[1]: systemd-remount-fs.service: Succeeded.
Feb 08 21:00:33 hpPav systemd[1]: Stopped Remount Root and Kernel File Systems.
Feb 08 21:00:33 hpPav systemd[1]: Reached target Shutdown.
Feb 08 21:00:33 hpPav systemd[1]: Reached target Final Step.
Feb 08 21:00:33 hpPav systemd[1]: systemd-reboot.service: Succeeded.
Feb 08 21:00:33 hpPav systemd[1]: Finished Reboot.
Feb 08 21:00:33 hpPav systemd[1]: Reached target Reboot.
Feb 08 21:00:33 hpPav systemd[1]: Shutting down.
Feb 08 21:00:34 hpPav systemd-shutdown[1]: Syncing filesystems and block devices.
Feb 08 21:00:34 hpPav systemd-shutdown[1]: Sending SIGTERM to remaining processes...
Feb 08 21:00:34 hpPav systemd-journald[365]: Journal stopped
-- Reboot --
Feb 09 12:28:50 hpPav kernel: microcode: microcode updated early to revision 0xea, date = 2021-01-05
Feb 09 12:28:50 hpPav kernel: Linux version 5.13.0-28-generic (buildd@lgw01-amd64-035) (gcc (Ubuntu 9.3.0-17ubuntu1~20.04) 9.3.0, GNU ld (GNU Binutils for Ubuntu) 2.34) #31~20.04.1-Ubuntu SMP Wed Jan 19 14:08:10 UTC 2022 (Ubuntu 5.13.0-28.31~20.04.1-generic 5.13.19)
Feb 09 12:28:50 hpPav kernel: Command line: BOOT_IMAGE=/boot/vmlinuz-5.13.0-28-generic root=UUID=85898a04-7c7a-405c-bfa9-591bdcdeae0b ro intel_idle.max_cstate=1 processor.max_cstate=1 quiet splash vt.handoff=7
Feb 09 12:28:50 hpPav kernel: KERNEL supported cpus:
Feb 09 12:28:50 hpPav kernel:   Intel GenuineIntel
Feb 09 12:28:50 hpPav kernel:   AMD AuthenticAMD
Feb 09 12:28:50 hpPav kernel:   Hygon HygonGenuine
Feb 09 12:28:50 hpPav kernel:   Centaur CentaurHauls
Feb 09 12:28:50 hpPav kernel:   zhaoxin   Shanghai  
Feb 09 12:28:50 hpPav kernel: x86/fpu: Supporting XSAVE feature 0x001: 'x87 floating point registers'
Feb 09 12:28:50 hpPav kernel: x86/fpu: Supporting XSAVE feature 0x002: 'SSE registers'
Feb 09 12:28:50 hpPav kernel: x86/fpu: Supporting XSAVE feature 0x004: 'AVX registers'
Feb 09 12:28:50 hpPav kernel: x86/fpu: Supporting XSAVE feature 0x008: 'MPX bounds registers'
Feb 09 12:28:50 hpPav kernel: x86/fpu: Supporting XSAVE feature 0x010: 'MPX CSR'
Feb 09 12:28:50 hpPav kernel: x86/fpu: xstate_offset[2]:  576, xstate_sizes[2]:  256
Feb 09 12:28:50 hpPav kernel: x86/fpu: xstate_offset[3]:  832, xstate_sizes[3]:   64
Feb 09 12:28:50 hpPav kernel: x86/fpu: xstate_offset[4]:  896, xstate_sizes[4]:   64
Feb 09 12:28:50 hpPav kernel: x86/fpu: Enabled xstate features 0x1f, context size is 960 bytes, using 'compacted' format.
Feb 09 12:28:50 hpPav kernel: BIOS-provided physical RAM map:
Feb 09 12:28:50 hpPav kernel: BIOS-e820: [mem 0x0000000000000000-0x000000000009efff] usable
Feb 09 12:28:50 hpPav kernel: BIOS-e820: [mem 0x000000000009f000-0x00000000000fffff] reserved
Feb 09 12:28:50 hpPav kernel: BIOS-e820: [mem 0x0000000000100000-0x0000000089b58fff] usable
Feb 09 12:28:50 hpPav kernel: BIOS-e820: [mem 0x0000000089b59000-0x0000000089fcdfff] reserved
Feb 09 12:28:50 hpPav kernel: BIOS-e820: [mem 0x0000000089fce000-0x000000008a04afff] ACPI data
Feb 09 12:28:50 hpPav kernel: BIOS-e820: [mem 0x000000008a04b000-0x000000008a126fff] ACPI NVS
Feb 09 12:28:50 hpPav kernel: BIOS-e820: [mem 0x000000008a127000-0x000000008dc0dfff] reserved
Feb 09 12:28:50 hpPav kernel: BIOS-e820: [mem 0x000000008dc0e000-0x000000008dc0efff] usable
Feb 09 12:28:50 hpPav kernel: BIOS-e820: [mem 0x000000008dc0f000-0x000000008fffffff] reserved
Feb 09 12:28:50 hpPav kernel: BIOS-e820: [mem 0x00000000e0000000-0x00000000efffffff] reserved
Feb 09 12:28:50 hpPav kernel: BIOS-e820: [mem 0x00000000fe000000-0x00000000fe010fff] reserved
Feb 09 12:28:50 hpPav kernel: BIOS-e820: [mem 0x00000000fec00000-0x00000000fec00fff] reserved
Feb 09 12:28:50 hpPav kernel: BIOS-e820: [mem 0x00000000fed00000-0x00000000fed03fff] reserved
Feb 09 12:28:50 hpPav kernel: BIOS-e820: [mem 0x00000000fee00000-0x00000000fee00fff] reserved
Feb 09 12:28:50 hpPav kernel: BIOS-e820: [mem 0x00000000ff000000-0x00000000ffffffff] reserved
Feb 09 12:28:50 hpPav kernel: BIOS-e820: [mem 0x0000000100000000-0x000000046dffffff] usable
Feb 09 12:28:50 hpPav kernel: NX (Execute Disable) protection: active
Feb 09 12:28:50 hpPav kernel: e820: update [mem 0x81fc5018-0x81fe4a57] usable ==> usable
Feb 09 12:28:50 hpPav kernel: e820: update [mem 0x81fc5018-0x81fe4a57] usable ==> usable
Feb 09 12:28:50 hpPav kernel: extended physical RAM map:
Feb 09 12:28:50 hpPav kernel: reserve setup_data: [mem 0x0000000000000000-0x000000000009efff] usable
Feb 09 12:28:50 hpPav kernel: reserve setup_data: [mem 0x000000000009f000-0x00000000000fffff] reserved
Feb 09 12:28:50 hpPav kernel: reserve setup_data: [mem 0x0000000000100000-0x0000000081fc5017] usable
Feb 09 12:28:50 hpPav kernel: reserve setup_data: [mem 0x0000000081fc5018-0x0000000081fe4a57] usable
Feb 09 12:28:50 hpPav kernel: reserve setup_data: [mem 0x0000000081fe4a58-0x0000000089b58fff] usable
Feb 09 12:28:50 hpPav kernel: reserve setup_data: [mem 0x0000000089b59000-0x0000000089fcdfff] reserved
Feb 09 12:28:50 hpPav kernel: reserve setup_data: [mem 0x0000000089fce000-0x000000008a04afff] ACPI data
Feb 09 12:28:50 hpPav kernel: reserve setup_data: [mem 0x000000008a04b000-0x000000008a126fff] ACPI NVS
Feb 09 12:28:50 hpPav kernel: reserve setup_data: [mem 0x000000008a127000-0x000000008dc0dfff] reserved
Feb 09 12:28:50 hpPav kernel: reserve setup_data: [mem 0x000000008dc0e000-0x000000008dc0efff] usable
Feb 09 12:28:50 hpPav kernel: reserve setup_data: [mem 0x000000008dc0f000-0x000000008fffffff] reserved
Feb 09 12:28:50 hpPav kernel: reserve setup_data: [mem 0x00000000e0000000-0x00000000efffffff] reserved
Feb 09 12:28:50 hpPav kernel: reserve setup_data: [mem 0x00000000fe000000-0x00000000fe010fff] reserved
Feb 09 12:28:50 hpPav kernel: reserve setup_data: [mem 0x00000000fec00000-0x00000000fec00fff] reserved
Feb 09 12:28:50 hpPav kernel: reserve setup_data: [mem 0x00000000fed00000-0x00000000fed03fff] reserved
Feb 09 12:28:50 hpPav kernel: reserve setup_data: [mem 0x00000000fee00000-0x00000000fee00fff] reserved
Feb 09 12:28:50 hpPav kernel: reserve setup_data: [mem 0x00000000ff000000-0x00000000ffffffff] reserved
Feb 09 12:28:50 hpPav kernel: reserve setup_data: [mem 0x0000000100000000-0x000000046dffffff] usable
Feb 09 12:28:50 hpPav kernel: efi: EFI v2.70 by American Megatrends
Feb 09 12:28:50 hpPav kernel: efi: ACPI 2.0=0x89fe7000 ACPI=0x89fe7000 TPMFinalLog=0x8a08f000 SMBIOS=0x8cf9b000 SMBIOS 3.0=0x8cf9a000 MEMATTR=0x864ae018 ESRT=0x882bd098 MOKvar=0x864af000 RNG=0x8d9b5618 TPMEventLog=0x81fe6018 
Feb 09 12:28:50 hpPav kernel: efi: seeding entropy pool
Feb 09 12:28:50 hpPav kernel: random: fast init done
Feb 09 12:28:50 hpPav kernel: secureboot: Secure boot enabled
Feb 09 12:28:50 hpPav kernel: Kernel is locked down from EFI Secure Boot mode; see man kernel_lockdown.7
Feb 09 12:28:50 hpPav kernel: SMBIOS 3.2.0 present.
Feb 09 12:28:50 hpPav kernel: DMI: HP HP Pavilion Gaming Desktop 690-05xx/843B, BIOS F.42 05/28/2020
Feb 09 12:28:50 hpPav kernel: tsc: Detected 3200.000 MHz processor
Feb 09 12:28:50 hpPav kernel: tsc: Detected 3199.980 MHz TSC
Feb 09 12:28:50 hpPav kernel: e820: update [mem 0x00000000-0x00000fff] usable ==> reserved
Feb 09 12:28:50 hpPav kernel: e820: remove [mem 0x000a0000-0x000fffff] usable
Feb 09 12:28:50 hpPav kernel: last_pfn = 0x46e000 max_arch_pfn = 0x400000000
Feb 09 12:28:50 hpPav kernel: x86/PAT: Configuration [0-7]: WB  WC  UC- UC  WB  WP  UC- WT  
Feb 09 12:28:50 hpPav kernel: last_pfn = 0x8dc0f max_arch_pfn = 0x400000000
Feb 09 12:28:50 hpPav kernel: esrt: Reserving ESRT space from 0x00000000882bd098 to 0x00000000882bd0d0.
Feb 09 12:28:50 hpPav kernel: e820: update [mem 0x882bd000-0x882bdfff] usable ==> reserved
Feb 09 12:28:50 hpPav kernel: e820: update [mem 0x864af000-0x864affff] usable ==> reserved
Feb 09 12:28:50 hpPav kernel: Using GB pages for direct mapping
Feb 09 12:28:50 hpPav kernel: secureboot: Secure boot enabled
Feb 09 12:28:50 hpPav kernel: RAMDISK: [mem 0x3c733000-0x3fffdfff]
Feb 09 12:28:50 hpPav kernel: ACPI: Early table checksum verification disabled
Feb 09 12:28:50 hpPav kernel: ACPI: RSDP 0x0000000089FE7000 000024 (v02 HPQOEM)
Feb 09 12:28:50 hpPav kernel: ACPI: XSDT 0x0000000089FE70B8 0000F4 (v01 HPQOEM SLIC-CPC 01072009 AMI  00010013)
Feb 09 12:28:50 hpPav kernel: ACPI: FACP 0x000000008A02C4D8 000114 (v06 HPQOEM SLIC-CPC 01072009 AMI  00010013)
Feb 09 12:28:50 hpPav kernel: ACPI: DSDT 0x0000000089FE7240 045293 (v02 HPQOEM SLIC-CPC 01072009 INTL 20160527)
Feb 09 12:28:50 hpPav kernel: ACPI: FACS 0x000000008A124080 000040
Feb 09 12:28:50 hpPav kernel: ACPI: APIC 0x000000008A02C5F0 0000F4 (v04 HPQOEM SLIC-CPC 01072009 AMI  00010013)
Feb 09 12:28:50 hpPav kernel: ACPI: FPDT 0x000000008A02C6E8 000044 (v01 HPQOEM SLIC-CPC 01072009 AMI  00010013)
Feb 09 12:28:50 hpPav kernel: ACPI: FIDT 0x000000008A02C730 00009C (v01 HPQOEM SLIC-CPC 01072009 AMI  00010013)
Feb 09 12:28:50 hpPav kernel: ACPI: MCFG 0x000000008A02C7D0 00003C (v01 HPQOEM SLIC-CPC 01072009 MSFT 00000097)
Feb 09 12:28:50 hpPav kernel: ACPI: SSDT 0x000000008A02C810 001B5F (v02 CpuRef CpuSsdt  00003000 INTL 20160527)
Feb 09 12:28:50 hpPav kernel: ACPI: MSDM 0x000000008A02E370 000055 (v03 HPQOEM SLIC-CPC 01072009 AMI  00010013)
Feb 09 12:28:50 hpPav kernel: ACPI: SSDT 0x000000008A02E3C8 000060 (v01 HPQOEM SLIC-CPC 00000001 INTL 20160527)
Feb 09 12:28:50 hpPav kernel: ACPI: SSDT 0x000000008A02E428 0031C6 (v02 SaSsdt SaSsdt   00003000 INTL 20160527)
Feb 09 12:28:50 hpPav kernel: ACPI: SSDT 0x000000008A0315F0 002396 (v02 PegSsd PegSsdt  00001000 INTL 20160527)
Feb 09 12:28:50 hpPav kernel: ACPI: HPET 0x000000008A033988 000038 (v01 HPQOEM SLIC-CPC 00000002      01000013)
Feb 09 12:28:50 hpPav kernel: ACPI: SSDT 0x000000008A0339C0 001C1A (v02 HPQOEM CflS_Rvp 00001000 INTL 20160527)
Feb 09 12:28:50 hpPav kernel: ACPI: SSDT 0x000000008A0355E0 000FAE (v02 HPQOEM Ther_Rvp 00001000 INTL 20160527)
Feb 09 12:28:50 hpPav kernel: ACPI: SSDT 0x000000008A036590 000916 (v02 INTEL  xh_cfsd4 00000000 INTL 20160527)
Feb 09 12:28:50 hpPav kernel: ACPI: UEFI 0x000000008A036EA8 000042 (v01 HPQOEM SLIC-CPC 00000002      01000013)
Feb 09 12:28:50 hpPav kernel: ACPI: LPIT 0x000000008A036EF0 000094 (v01 HPQOEM SLIC-CPC 00000002      01000013)
Feb 09 12:28:50 hpPav kernel: ACPI: SSDT 0x000000008A036F88 0027DE (v02 HPQOEM PtidDevc 00001000 INTL 20160527)
Feb 09 12:28:50 hpPav kernel: ACPI: SSDT 0x000000008A039768 0014E2 (v02 HPQOEM TbtTypeC 00000000 INTL 20160527)
Feb 09 12:28:50 hpPav kernel: ACPI: DBGP 0x000000008A03AC50 000034 (v01 HPQOEM SLIC-CPC 00000002      01000013)
Feb 09 12:28:50 hpPav kernel: ACPI: DBG2 0x000000008A03AC88 000054 (v00 HPQOEM SLIC-CPC 00000002      01000013)
Feb 09 12:28:50 hpPav kernel: ACPI: SSDT 0x000000008A03ACE0 001B67 (v02 HPQOEM UsbCTabl 00001000 INTL 20160527)
Feb 09 12:28:50 hpPav kernel: ACPI: DMAR 0x000000008A03C848 000070 (v01 INTEL  EDK2     00000002      01000013)
Feb 09 12:28:50 hpPav kernel: ACPI: SSDT 0x000000008A03C8B8 000144 (v02 Intel  ADebTabl 00001000 INTL 20160527)
Feb 09 12:28:50 hpPav kernel: ACPI: BGRT 0x000000008A03CA00 000038 (v01 HPQOEM SLIC-CPC 01072009 AMI  00010013)
Feb 09 12:28:50 hpPav kernel: ACPI: TPM2 0x000000008A03CA38 000034 (v04 HPQOEM SLIC-CPC 00000001 AMI  00000000)
Feb 09 12:28:50 hpPav kernel: ACPI: WSMT 0x000000008A03CA70 000028 (v01 HPQOEM SLIC-CPC 01072009 AMI  00010013)
Feb 09 12:28:50 hpPav kernel: ACPI: Reserving FACP table memory at [mem 0x8a02c4d8-0x8a02c5eb]
Feb 09 12:28:50 hpPav kernel: ACPI: Reserving DSDT table memory at [mem 0x89fe7240-0x8a02c4d2]
Feb 09 12:28:50 hpPav kernel: ACPI: Reserving FACS table memory at [mem 0x8a124080-0x8a1240bf]
Feb 09 12:28:50 hpPav kernel: ACPI: Reserving APIC table memory at [mem 0x8a02c5f0-0x8a02c6e3]
Feb 09 12:28:50 hpPav kernel: ACPI: Reserving FPDT table memory at [mem 0x8a02c6e8-0x8a02c72b]
Feb 09 12:28:50 hpPav kernel: ACPI: Reserving FIDT table memory at [mem 0x8a02c730-0x8a02c7cb]
Feb 09 12:28:50 hpPav kernel: ACPI: Reserving MCFG table memory at [mem 0x8a02c7d0-0x8a02c80b]
Feb 09 12:28:50 hpPav kernel: ACPI: Reserving SSDT table memory at [mem 0x8a02c810-0x8a02e36e]
Feb 09 12:28:50 hpPav kernel: ACPI: Reserving MSDM table memory at [mem 0x8a02e370-0x8a02e3c4]
Feb 09 12:28:50 hpPav kernel: ACPI: Reserving SSDT table memory at [mem 0x8a02e3c8-0x8a02e427]
Feb 09 12:28:50 hpPav kernel: ACPI: Reserving SSDT table memory at [mem 0x8a02e428-0x8a0315ed]
Feb 09 12:28:50 hpPav kernel: ACPI: Reserving SSDT table memory at [mem 0x8a0315f0-0x8a033985]
Feb 09 12:28:50 hpPav kernel: ACPI: Reserving HPET table memory at [mem 0x8a033988-0x8a0339bf]
Feb 09 12:28:50 hpPav kernel: ACPI: Reserving SSDT table memory at [mem 0x8a0339c0-0x8a0355d9]
Feb 09 12:28:50 hpPav kernel: ACPI: Reserving SSDT table memory at [mem 0x8a0355e0-0x8a03658d]
Feb 09 12:28:50 hpPav kernel: ACPI: Reserving SSDT table memory at [mem 0x8a036590-0x8a036ea5]
Feb 09 12:28:50 hpPav kernel: ACPI: Reserving UEFI table memory at [mem 0x8a036ea8-0x8a036ee9]
Feb 09 12:28:50 hpPav kernel: ACPI: Reserving LPIT table memory at [mem 0x8a036ef0-0x8a036f83]
Feb 09 12:28:50 hpPav kernel: ACPI: Reserving SSDT table memory at [mem 0x8a036f88-0x8a039765]
Feb 09 12:28:50 hpPav kernel: ACPI: Reserving SSDT table memory at [mem 0x8a039768-0x8a03ac49]
Feb 09 12:28:50 hpPav kernel: ACPI: Reserving DBGP table memory at [mem 0x8a03ac50-0x8a03ac83]
Feb 09 12:28:50 hpPav kernel: ACPI: Reserving DBG2 table memory at [mem 0x8a03ac88-0x8a03acdb]
Feb 09 12:28:50 hpPav kernel: ACPI: Reserving SSDT table memory at [mem 0x8a03ace0-0x8a03c846]
Feb 09 12:28:50 hpPav kernel: ACPI: Reserving DMAR table memory at [mem 0x8a03c848-0x8a03c8b7]
Feb 09 12:28:50 hpPav kernel: ACPI: Reserving SSDT table memory at [mem 0x8a03c8b8-0x8a03c9fb]
Feb 09 12:28:50 hpPav kernel: ACPI: Reserving BGRT table memory at [mem 0x8a03ca00-0x8a03ca37]
Feb 09 12:28:50 hpPav kernel: ACPI: Reserving TPM2 table memory at [mem 0x8a03ca38-0x8a03ca6b]
Feb 09 12:28:50 hpPav kernel: ACPI: Reserving WSMT table memory at [mem 0x8a03ca70-0x8a03ca97]
Feb 09 12:28:50 hpPav kernel: ACPI: Local APIC address 0xfee00000
Feb 09 12:28:50 hpPav kernel: No NUMA configuration found
Feb 09 12:28:50 hpPav kernel: Faking a node at [mem 0x0000000000000000-0x000000046dffffff]
Feb 09 12:28:50 hpPav kernel: NODE_DATA(0) allocated [mem 0x46dfd6000-0x46dffffff]
Feb 09 12:28:50 hpPav kernel: Zone ranges:
Feb 09 12:28:50 hpPav kernel:   DMA      [mem 0x0000000000001000-0x0000000000ffffff]
Feb 09 12:28:50 hpPav kernel:   DMA32    [mem 0x0000000001000000-0x00000000ffffffff]
Feb 09 12:28:50 hpPav kernel:   Normal   [mem 0x0000000100000000-0x000000046dffffff]
Feb 09 12:28:50 hpPav kernel:   Device   empty
Feb 09 12:28:50 hpPav kernel: Movable zone start for each node
Feb 09 12:28:50 hpPav kernel: Early memory node ranges
Feb 09 12:28:50 hpPav kernel:   node   0: [mem 0x0000000000001000-0x000000000009efff]
Feb 09 12:28:50 hpPav kernel:   node   0: [mem 0x0000000000100000-0x0000000089b58fff]
Feb 09 12:28:50 hpPav kernel:   node   0: [mem 0x000000008dc0e000-0x000000008dc0efff]
Feb 09 12:28:50 hpPav kernel:   node   0: [mem 0x0000000100000000-0x000000046dffffff]
Feb 09 12:28:50 hpPav kernel: Initmem setup node 0 [mem 0x0000000000001000-0x000000046dffffff]
Feb 09 12:28:50 hpPav kernel: On node 0 totalpages: 4160248
Feb 09 12:28:50 hpPav kernel:   DMA zone: 64 pages used for memmap
Feb 09 12:28:50 hpPav kernel:   DMA zone: 158 pages reserved
Feb 09 12:28:50 hpPav kernel:   DMA zone: 3998 pages, LIFO batch:0
Feb 09 12:28:50 hpPav kernel:   DMA32 zone: 8750 pages used for memmap
Feb 09 12:28:50 hpPav kernel:   DMA32 zone: 559962 pages, LIFO batch:63
Feb 09 12:28:50 hpPav kernel:   Normal zone: 56192 pages used for memmap
Feb 09 12:28:50 hpPav kernel:   Normal zone: 3596288 pages, LIFO batch:63
Feb 09 12:28:50 hpPav kernel: On node 0, zone DMA: 1 pages in unavailable ranges
Feb 09 12:28:50 hpPav kernel: On node 0, zone DMA: 97 pages in unavailable ranges
Feb 09 12:28:50 hpPav kernel: On node 0, zone DMA32: 16565 pages in unavailable ranges
Feb 09 12:28:50 hpPav kernel: On node 0, zone Normal: 9201 pages in unavailable ranges
Feb 09 12:28:50 hpPav kernel: On node 0, zone Normal: 8192 pages in unavailable ranges
Feb 09 12:28:50 hpPav kernel: ACPI: PM-Timer IO Port: 0x1808
Feb 09 12:28:50 hpPav kernel: ACPI: Local APIC address 0xfee00000
Feb 09 12:28:50 hpPav kernel: ACPI: LAPIC_NMI (acpi_id[0x01] high edge lint[0x1])
Feb 09 12:28:50 hpPav kernel: ACPI: LAPIC_NMI (acpi_id[0x02] high edge lint[0x1])
Feb 09 12:28:50 hpPav kernel: ACPI: LAPIC_NMI (acpi_id[0x03] high edge lint[0x1])
Feb 09 12:28:50 hpPav kernel: ACPI: LAPIC_NMI (acpi_id[0x04] high edge lint[0x1])
Feb 09 12:28:50 hpPav kernel: ACPI: LAPIC_NMI (acpi_id[0x05] high edge lint[0x1])
Feb 09 12:28:50 hpPav kernel: ACPI: LAPIC_NMI (acpi_id[0x06] high edge lint[0x1])
Feb 09 12:28:50 hpPav kernel: ACPI: LAPIC_NMI (acpi_id[0x07] high edge lint[0x1])
Feb 09 12:28:50 hpPav kernel: ACPI: LAPIC_NMI (acpi_id[0x08] high edge lint[0x1])
Feb 09 12:28:50 hpPav kernel: ACPI: LAPIC_NMI (acpi_id[0x09] high edge lint[0x1])
Feb 09 12:28:50 hpPav kernel: ACPI: LAPIC_NMI (acpi_id[0x0a] high edge lint[0x1])
Feb 09 12:28:50 hpPav kernel: ACPI: LAPIC_NMI (acpi_id[0x0b] high edge lint[0x1])
Feb 09 12:28:50 hpPav kernel: ACPI: LAPIC_NMI (acpi_id[0x0c] high edge lint[0x1])
Feb 09 12:28:50 hpPav kernel: IOAPIC[0]: apic_id 2, version 32, address 0xfec00000, GSI 0-119
Feb 09 12:28:50 hpPav kernel: ACPI: INT_SRC_OVR (bus 0 bus_irq 0 global_irq 2 dfl dfl)
Feb 09 12:28:50 hpPav kernel: ACPI: INT_SRC_OVR (bus 0 bus_irq 9 global_irq 9 high level)
Feb 09 12:28:50 hpPav kernel: ACPI: IRQ0 used by override.
Feb 09 12:28:50 hpPav kernel: ACPI: IRQ9 used by override.
Feb 09 12:28:50 hpPav kernel: Using ACPI (MADT) for SMP configuration information
Feb 09 12:28:50 hpPav kernel: ACPI: HPET id: 0x8086a201 base: 0xfed00000
Feb 09 12:28:50 hpPav kernel: e820: update [mem 0x865ef000-0x8660bfff] usable ==> reserved
Feb 09 12:28:50 hpPav kernel: TSC deadline timer available
Feb 09 12:28:50 hpPav kernel: smpboot: Allowing 12 CPUs, 0 hotplug CPUs
Feb 09 12:28:50 hpPav kernel: PM: hibernation: Registered nosave memory: [mem 0x00000000-0x00000fff]
Feb 09 12:28:50 hpPav kernel: PM: hibernation: Registered nosave memory: [mem 0x0009f000-0x000fffff]
Feb 09 12:28:50 hpPav kernel: PM: hibernation: Registered nosave memory: [mem 0x81fc5000-0x81fc5fff]
Feb 09 12:28:50 hpPav kernel: PM: hibernation: Registered nosave memory: [mem 0x81fe4000-0x81fe4fff]
Feb 09 12:28:50 hpPav kernel: PM: hibernation: Registered nosave memory: [mem 0x864af000-0x864affff]
Feb 09 12:28:50 hpPav kernel: PM: hibernation: Registered nosave memory: [mem 0x865ef000-0x8660bfff]
Feb 09 12:28:50 hpPav kernel: PM: hibernation: Registered nosave memory: [mem 0x882bd000-0x882bdfff]
Feb 09 12:28:50 hpPav kernel: PM: hibernation: Registered nosave memory: [mem 0x89b59000-0x89fcdfff]
Feb 09 12:28:50 hpPav kernel: PM: hibernation: Registered nosave memory: [mem 0x89fce000-0x8a04afff]
Feb 09 12:28:50 hpPav kernel: PM: hibernation: Registered nosave memory: [mem 0x8a04b000-0x8a126fff]
Feb 09 12:28:50 hpPav kernel: PM: hibernation: Registered nosave memory: [mem 0x8a127000-0x8dc0dfff]
Feb 09 12:28:50 hpPav kernel: PM: hibernation: Registered nosave memory: [mem 0x8dc0f000-0x8fffffff]
Feb 09 12:28:50 hpPav kernel: PM: hibernation: Registered nosave memory: [mem 0x90000000-0xdfffffff]
Feb 09 12:28:50 hpPav kernel: PM: hibernation: Registered nosave memory: [mem 0xe0000000-0xefffffff]
Feb 09 12:28:50 hpPav kernel: PM: hibernation: Registered nosave memory: [mem 0xf0000000-0xfdffffff]
Feb 09 12:28:50 hpPav kernel: PM: hibernation: Registered nosave memory: [mem 0xfe000000-0xfe010fff]
Feb 09 12:28:50 hpPav kernel: PM: hibernation: Registered nosave memory: [mem 0xfe011000-0xfebfffff]
Feb 09 12:28:50 hpPav kernel: PM: hibernation: Registered nosave memory: [mem 0xfec00000-0xfec00fff]
Feb 09 12:28:50 hpPav kernel: PM: hibernation: Registered nosave memory: [mem 0xfec01000-0xfecfffff]
Feb 09 12:28:50 hpPav kernel: PM: hibernation: Registered nosave memory: [mem 0xfed00000-0xfed03fff]
Feb 09 12:28:50 hpPav kernel: PM: hibernation: Registered nosave memory: [mem 0xfed04000-0xfedfffff]
Feb 09 12:28:50 hpPav kernel: PM: hibernation: Registered nosave memory: [mem 0xfee00000-0xfee00fff]
Feb 09 12:28:50 hpPav kernel: PM: hibernation: Registered nosave memory: [mem 0xfee01000-0xfeffffff]
Feb 09 12:28:50 hpPav kernel: PM: hibernation: Registered nosave memory: [mem 0xff000000-0xffffffff]
Feb 09 12:28:50 hpPav kernel: [mem 0x90000000-0xdfffffff] available for PCI devices
Feb 09 12:28:50 hpPav kernel: Booting paravirtualized kernel on bare hardware
Feb 09 12:28:50 hpPav kernel: clocksource: refined-jiffies: mask: 0xffffffff max_cycles: 0xffffffff, max_idle_ns: 7645519600211568 ns
Feb 09 12:28:50 hpPav kernel: setup_percpu: NR_CPUS:8192 nr_cpumask_bits:12 nr_cpu_ids:12 nr_node_ids:1
Feb 09 12:28:50 hpPav kernel: percpu: Embedded 65 pages/cpu s229376 r8192 d28672 u524288
Feb 09 12:28:50 hpPav kernel: pcpu-alloc: s229376 r8192 d28672 u524288 alloc=1*2097152
Feb 09 12:28:50 hpPav kernel: pcpu-alloc: [0] 00 01 02 03 [0] 04 05 06 07 
Feb 09 12:28:50 hpPav kernel: pcpu-alloc: [0] 08 09 10 11 
Feb 09 12:28:50 hpPav kernel: Built 1 zonelists, mobility grouping on.  Total pages: 4095084
Feb 09 12:28:50 hpPav kernel: Policy zone: Normal
Feb 09 12:28:50 hpPav kernel: Kernel command line: BOOT_IMAGE=/boot/vmlinuz-5.13.0-28-generic root=UUID=85898a04-7c7a-405c-bfa9-591bdcdeae0b ro intel_idle.max_cstate=1 processor.max_cstate=1 quiet splash vt.handoff=7
Feb 09 12:28:50 hpPav kernel: Dentry cache hash table entries: 2097152 (order: 12, 16777216 bytes, linear)
Feb 09 12:28:50 hpPav kernel: Inode-cache hash table entries: 1048576 (order: 11, 8388608 bytes, linear)
Feb 09 12:28:50 hpPav kernel: mem auto-init: stack:off, heap alloc:on, heap free:off
Feb 09 12:28:50 hpPav kernel: Memory: 16104164K/16640992K available (16393K kernel code, 3512K rwdata, 10492K rodata, 2904K init, 5724K bss, 536568K reserved, 0K cma-reserved)
Feb 09 12:28:50 hpPav kernel: random: get_random_u64 called from __kmem_cache_create+0x2d/0x440 with crng_init=1
Feb 09 12:28:50 hpPav kernel: SLUB: HWalign=64, Order=0-3, MinObjects=0, CPUs=12, Nodes=1
Feb 09 12:28:50 hpPav kernel: Kernel/User page tables isolation: enabled
Feb 09 12:28:50 hpPav kernel: ftrace: allocating 49238 entries in 193 pages
Feb 09 12:28:50 hpPav kernel: ftrace: allocated 193 pages with 3 groups
Feb 09 12:28:50 hpPav kernel: rcu: Hierarchical RCU implementation.
Feb 09 12:28:50 hpPav kernel: rcu:         RCU restricting CPUs from NR_CPUS=8192 to nr_cpu_ids=12.
Feb 09 12:28:50 hpPav kernel:         Rude variant of Tasks RCU enabled.
Feb 09 12:28:50 hpPav kernel:         Tracing variant of Tasks RCU enabled.
Feb 09 12:28:50 hpPav kernel: rcu: RCU calculated value of scheduler-enlistment delay is 25 jiffies.
Feb 09 12:28:50 hpPav kernel: rcu: Adjusting geometry for rcu_fanout_leaf=16, nr_cpu_ids=12
Feb 09 12:28:50 hpPav kernel: NR_IRQS: 524544, nr_irqs: 2152, preallocated irqs: 16
Feb 09 12:28:50 hpPav kernel: random: crng done (trusting CPU's manufacturer)
Feb 09 12:28:50 hpPav kernel: vt handoff: transparent VT on vt#7
Feb 09 12:28:50 hpPav kernel: Console: colour dummy device 80x25
Feb 09 12:28:50 hpPav kernel: printk: console [tty0] enabled
Feb 09 12:28:50 hpPav kernel: ACPI: Core revision 20210331
Feb 09 12:28:50 hpPav kernel: hpet: HPET dysfunctional in PC10. Force disabled.
Feb 09 12:28:50 hpPav kernel: APIC: Switch to symmetric I/O mode setup
Feb 09 12:28:50 hpPav kernel: DMAR: Host address width 39
Feb 09 12:28:50 hpPav kernel: DMAR: DRHD base: 0x000000fed91000 flags: 0x1
Feb 09 12:28:50 hpPav kernel: DMAR: dmar0: reg_base_addr fed91000 ver 1:0 cap d2008c40660462 ecap f050da
Feb 09 12:28:50 hpPav kernel: DMAR: RMRR base: 0x00000089f71000 end: 0x00000089f90fff
Feb 09 12:28:50 hpPav kernel: DMAR-IR: IOAPIC id 2 under DRHD base  0xfed91000 IOMMU 0
Feb 09 12:28:50 hpPav kernel: DMAR-IR: HPET id 0 under DRHD base 0xfed91000
Feb 09 12:28:50 hpPav kernel: DMAR-IR: Queued invalidation will be enabled to support x2apic and Intr-remapping.
Feb 09 12:28:50 hpPav kernel: DMAR-IR: Enabled IRQ remapping in x2apic mode
Feb 09 12:28:50 hpPav kernel: x2apic enabled
Feb 09 12:28:50 hpPav kernel: Switched APIC routing to cluster x2apic.
Feb 09 12:28:50 hpPav kernel: clocksource: tsc-early: mask: 0xffffffffffffffff max_cycles: 0x2e2036ff8d5, max_idle_ns: 440795275316 ns
Feb 09 12:28:50 hpPav kernel: Calibrating delay loop (skipped), value calculated using timer frequency.. 6399.96 BogoMIPS (lpj=12799920)
Feb 09 12:28:50 hpPav kernel: pid_max: default: 32768 minimum: 301
Feb 09 12:28:50 hpPav kernel: LSM: Security Framework initializing
Feb 09 12:28:50 hpPav kernel: Yama: becoming mindful.
Feb 09 12:28:50 hpPav kernel: AppArmor: AppArmor initialized
Feb 09 12:28:50 hpPav kernel: Mount-cache hash table entries: 32768 (order: 6, 262144 bytes, linear)
Feb 09 12:28:50 hpPav kernel: Mountpoint-cache hash table entries: 32768 (order: 6, 262144 bytes, linear)
Feb 09 12:28:50 hpPav kernel: x86/cpu: SGX disabled by BIOS.
Feb 09 12:28:50 hpPav kernel: CPU0: Thermal monitoring enabled (TM1)
Feb 09 12:28:50 hpPav kernel: process: using mwait in idle threads
Feb 09 12:28:50 hpPav kernel: Last level iTLB entries: 4KB 64, 2MB 8, 4MB 8
Feb 09 12:28:50 hpPav kernel: Last level dTLB entries: 4KB 64, 2MB 0, 4MB 0, 1GB 4
Feb 09 12:28:50 hpPav kernel: Spectre V1 : Mitigation: usercopy/swapgs barriers and __user pointer sanitization
Feb 09 12:28:50 hpPav kernel: Spectre V2 : Mitigation: Full generic retpoline
Feb 09 12:28:50 hpPav kernel: Spectre V2 : Spectre v2 / SpectreRSB mitigation: Filling RSB on context switch
Feb 09 12:28:50 hpPav kernel: Spectre V2 : Enabling Restricted Speculation for firmware calls
Feb 09 12:28:50 hpPav kernel: Spectre V2 : mitigation: Enabling conditional Indirect Branch Prediction Barrier
Feb 09 12:28:50 hpPav kernel: Spectre V2 : User space: Mitigation: STIBP via seccomp and prctl
Feb 09 12:28:50 hpPav kernel: Speculative Store Bypass: Mitigation: Speculative Store Bypass disabled via prctl and seccomp
Feb 09 12:28:50 hpPav kernel: TAA: Mitigation: Clear CPU buffers
Feb 09 12:28:50 hpPav kernel: SRBDS: Mitigation: Microcode
Feb 09 12:28:50 hpPav kernel: MDS: Mitigation: Clear CPU buffers
Feb 09 12:28:50 hpPav kernel: Freeing SMP alternatives memory: 40K
Feb 09 12:28:50 hpPav kernel: smpboot: Estimated ratio of average max frequency by base frequency (times 1024): 1376
Feb 09 12:28:50 hpPav kernel: smpboot: CPU0: Intel(R) Core(TM) i7-8700 CPU @ 3.20GHz (family: 0x6, model: 0x9e, stepping: 0xa)
Feb 09 12:28:50 hpPav kernel: Performance Events: PEBS fmt3+, Skylake events, 32-deep LBR, full-width counters, Intel PMU driver.
Feb 09 12:28:50 hpPav kernel: ... version:                4
Feb 09 12:28:50 hpPav kernel: ... bit width:              48
Feb 09 12:28:50 hpPav kernel: ... generic registers:      4
Feb 09 12:28:50 hpPav kernel: ... value mask:             0000ffffffffffff
Feb 09 12:28:50 hpPav kernel: ... max period:             00007fffffffffff
Feb 09 12:28:50 hpPav kernel: ... fixed-purpose events:   3
Feb 09 12:28:50 hpPav kernel: ... event mask:             000000070000000f
Feb 09 12:28:50 hpPav kernel: rcu: Hierarchical SRCU implementation.
Feb 09 12:28:50 hpPav kernel: NMI watchdog: Enabled. Permanently consumes one hw-PMU counter.
Feb 09 12:28:50 hpPav kernel: smp: Bringing up secondary CPUs ...
Feb 09 12:28:50 hpPav kernel: x86: Booting SMP configuration:
Feb 09 12:28:50 hpPav kernel: .... node  #0, CPUs:        #1  #2  #3  #4  #5  #6
Feb 09 12:28:50 hpPav kernel: MDS CPU bug present and SMT on, data leak possible. See https://www.kernel.org/doc/html/latest/admin-guide/hw-vuln/mds.html for more details.
Feb 09 12:28:50 hpPav kernel: TAA CPU bug present and SMT on, data leak possible. See https://www.kernel.org/doc/html/latest/admin-guide/hw-vuln/tsx_async_abort.html for more details.
Feb 09 12:28:50 hpPav kernel:   #7  #8  #9 #10 #11
Feb 09 12:28:50 hpPav kernel: smp: Brought up 1 node, 12 CPUs
Feb 09 12:28:50 hpPav kernel: smpboot: Max logical packages: 1
Feb 09 12:28:50 hpPav kernel: smpboot: Total of 12 processors activated (76799.52 BogoMIPS)
Feb 09 12:28:50 hpPav kernel: devtmpfs: initialized
Feb 09 12:28:50 hpPav kernel: x86/mm: Memory block size: 128MB
Feb 09 12:28:50 hpPav kernel: PM: Registering ACPI NVS region [mem 0x8a04b000-0x8a126fff] (901120 bytes)
Feb 09 12:28:50 hpPav kernel: clocksource: jiffies: mask: 0xffffffff max_cycles: 0xffffffff, max_idle_ns: 7645041785100000 ns
Feb 09 12:28:50 hpPav kernel: futex hash table entries: 4096 (order: 6, 262144 bytes, linear)
Feb 09 12:28:50 hpPav kernel: pinctrl core: initialized pinctrl subsystem
Feb 09 12:28:50 hpPav kernel: PM: RTC time: 11:28:42, date: 2022-02-09
Feb 09 12:28:50 hpPav kernel: NET: Registered protocol family 16
Feb 09 12:28:50 hpPav kernel: DMA: preallocated 2048 KiB GFP_KERNEL pool for atomic allocations
Feb 09 12:28:50 hpPav kernel: DMA: preallocated 2048 KiB GFP_KERNEL|GFP_DMA pool for atomic allocations
Feb 09 12:28:50 hpPav kernel: DMA: preallocated 2048 KiB GFP_KERNEL|GFP_DMA32 pool for atomic allocations
Feb 09 12:28:50 hpPav kernel: audit: initializing netlink subsys (disabled)
Feb 09 12:28:50 hpPav kernel: audit: type=2000 audit(1644406122.016:1): state=initialized audit_enabled=0 res=1
Feb 09 12:28:50 hpPav kernel: thermal_sys: Registered thermal governor 'fair_share'
Feb 09 12:28:50 hpPav kernel: thermal_sys: Registered thermal governor 'bang_bang'
Feb 09 12:28:50 hpPav kernel: thermal_sys: Registered thermal governor 'step_wise'
Feb 09 12:28:50 hpPav kernel: thermal_sys: Registered thermal governor 'user_space'
Feb 09 12:28:50 hpPav kernel: thermal_sys: Registered thermal governor 'power_allocator'
Feb 09 12:28:50 hpPav kernel: EISA bus registered
Feb 09 12:28:50 hpPav kernel: cpuidle: using governor ladder
Feb 09 12:28:50 hpPav kernel: cpuidle: using governor menu
Feb 09 12:28:50 hpPav kernel: ACPI: bus type PCI registered
Feb 09 12:28:50 hpPav kernel: acpiphp: ACPI Hot Plug PCI Controller Driver version: 0.5
Feb 09 12:28:50 hpPav kernel: PCI: MMCONFIG for domain 0000 [bus 00-ff] at [mem 0xe0000000-0xefffffff] (base 0xe0000000)
Feb 09 12:28:50 hpPav kernel: PCI: MMCONFIG at [mem 0xe0000000-0xefffffff] reserved in E820
Feb 09 12:28:50 hpPav kernel: PCI: Using configuration type 1 for base access
Feb 09 12:28:50 hpPav kernel: ENERGY_PERF_BIAS: Set to 'normal', was 'performance'
Feb 09 12:28:50 hpPav kernel: Kprobes globally optimized
Feb 09 12:28:50 hpPav kernel: HugeTLB registered 1.00 GiB page size, pre-allocated 0 pages
Feb 09 12:28:50 hpPav kernel: HugeTLB registered 2.00 MiB page size, pre-allocated 0 pages
Feb 09 12:28:50 hpPav kernel: ACPI: Added _OSI(Module Device)
Feb 09 12:28:50 hpPav kernel: ACPI: Added _OSI(Processor Device)
Feb 09 12:28:50 hpPav kernel: ACPI: Added _OSI(3.0 _SCP Extensions)
Feb 09 12:28:50 hpPav kernel: ACPI: Added _OSI(Processor Aggregator Device)
Feb 09 12:28:50 hpPav kernel: ACPI: Added _OSI(Linux-Dell-Video)
Feb 09 12:28:50 hpPav kernel: ACPI: Added _OSI(Linux-Lenovo-NV-HDMI-Audio)
Feb 09 12:28:50 hpPav kernel: ACPI: Added _OSI(Linux-HPI-Hybrid-Graphics)
Feb 09 12:28:50 hpPav kernel: ACPI: 12 ACPI AML tables successfully acquired and loaded
Feb 09 12:28:50 hpPav kernel: ACPI: Dynamic OEM Table Load:
Feb 09 12:28:50 hpPav kernel: ACPI: SSDT 0xFFFF899F01685300 0000F4 (v02 PmRef  Cpu0Psd  00003000 INTL 20160527)
Feb 09 12:28:50 hpPav kernel: ACPI: \_SB_.PR00: _OSC native thermal LVT Acked
Feb 09 12:28:50 hpPav kernel: ACPI: Dynamic OEM Table Load:
Feb 09 12:28:50 hpPav kernel: ACPI: SSDT 0xFFFF899F01179800 000400 (v02 PmRef  Cpu0Cst  00003001 INTL 20160527)
Feb 09 12:28:50 hpPav kernel: ACPI: Dynamic OEM Table Load:
Feb 09 12:28:50 hpPav kernel: ACPI: SSDT 0xFFFF899F016D1000 000647 (v02 PmRef  Cpu0Ist  00003000 INTL 20160527)
Feb 09 12:28:50 hpPav kernel: ACPI: Dynamic OEM Table Load:
Feb 09 12:28:50 hpPav kernel: ACPI: SSDT 0xFFFF899F01411C00 000149 (v02 PmRef  Cpu0Hwp  00003000 INTL 20160527)
Feb 09 12:28:50 hpPav kernel: ACPI: Dynamic OEM Table Load:
Feb 09 12:28:50 hpPav kernel: ACPI: SSDT 0xFFFF899F016D1800 000724 (v02 PmRef  HwpLvt   00003000 INTL 20160527)
Feb 09 12:28:50 hpPav kernel: ACPI: Dynamic OEM Table Load:
Feb 09 12:28:50 hpPav kernel: ACPI: SSDT 0xFFFF899F016D4800 0005FC (v02 PmRef  ApIst    00003000 INTL 20160527)
Feb 09 12:28:50 hpPav kernel: ACPI: Dynamic OEM Table Load:
Feb 09 12:28:50 hpPav kernel: ACPI: SSDT 0xFFFF899F0117B000 000317 (v02 PmRef  ApHwp    00003000 INTL 20160527)
Feb 09 12:28:50 hpPav kernel: ACPI: Dynamic OEM Table Load:
Feb 09 12:28:50 hpPav kernel: ACPI: SSDT 0xFFFF899F0103C000 000AB0 (v02 PmRef  ApPsd    00003000 INTL 20160527)
Feb 09 12:28:50 hpPav kernel: ACPI: Dynamic OEM Table Load:
Feb 09 12:28:50 hpPav kernel: ACPI: SSDT 0xFFFF899F01178800 00030A (v02 PmRef  ApCst    00003000 INTL 20160527)
Feb 09 12:28:50 hpPav kernel: ACPI: Interpreter enabled
Feb 09 12:28:50 hpPav kernel: ACPI: (supports S0 S3 S4 S5)
Feb 09 12:28:50 hpPav kernel: ACPI: Using IOAPIC for interrupt routing
Feb 09 12:28:50 hpPav kernel: PCI: Using host bridge windows from ACPI; if necessary, use "pci=nocrs" and report a bug
Feb 09 12:28:50 hpPav kernel: ACPI: Enabled 9 GPEs in block 00 to 7F
Feb 09 12:28:50 hpPav kernel: ACPI: PM: Power Resource [USBC] (on)
Feb 09 12:28:50 hpPav kernel: ACPI: PM: Power Resource [PAUD] (on)
Feb 09 12:28:50 hpPav kernel: ACPI: PM: Power Resource [SPR0] (off)
Feb 09 12:28:50 hpPav kernel: ACPI: PM: Power Resource [SPR2] (off)
Feb 09 12:28:50 hpPav kernel: ACPI: PM: Power Resource [V0PR] (on)
Feb 09 12:28:50 hpPav kernel: ACPI: PM: Power Resource [V1PR] (on)
Feb 09 12:28:50 hpPav kernel: ACPI: PM: Power Resource [V2PR] (on)
Feb 09 12:28:50 hpPav kernel: ACPI: PM: Power Resource [PXTC] (on)
Feb 09 12:28:50 hpPav kernel: ACPI: PM: Power Resource [WRST] (on)
Feb 09 12:28:50 hpPav kernel: ACPI: PM: Power Resource [FN00] (off)
Feb 09 12:28:50 hpPav kernel: ACPI: PM: Power Resource [FN01] (off)
Feb 09 12:28:50 hpPav kernel: ACPI: PM: Power Resource [FN02] (off)
Feb 09 12:28:50 hpPav kernel: ACPI: PM: Power Resource [FN03] (off)
Feb 09 12:28:50 hpPav kernel: ACPI: PM: Power Resource [FN04] (off)
Feb 09 12:28:50 hpPav kernel: ACPI: PM: Power Resource [PIN] (off)
Feb 09 12:28:50 hpPav kernel: ACPI: PM: Power Resource [SPR1] (off)
Feb 09 12:28:50 hpPav kernel: ACPI: PM: Power Resource [SPR3] (off)
Feb 09 12:28:50 hpPav kernel: ACPI: PM: Power Resource [SPR5] (off)
Feb 09 12:28:50 hpPav kernel: ACPI: PM: Power Resource [ZPDR] (on)
Feb 09 12:28:50 hpPav kernel: ACPI: PCI Root Bridge [PCI0] (domain 0000 [bus 00-fe])
Feb 09 12:28:50 hpPav kernel: acpi PNP0A08:00: _OSC: OS supports [ExtendedConfig ASPM ClockPM Segments MSI HPX-Type3]
Feb 09 12:28:50 hpPav kernel: acpi PNP0A08:00: _OSC: OS now controls [PCIeHotplug SHPCHotplug PME AER PCIeCapability LTR]
Feb 09 12:28:50 hpPav kernel: PCI host bridge to bus 0000:00
Feb 09 12:28:50 hpPav kernel: pci_bus 0000:00: root bus resource [bus 00-fe]
Feb 09 12:28:50 hpPav kernel: pci_bus 0000:00: root bus resource [io  0x0000-0x0cf7 window]
Feb 09 12:28:50 hpPav kernel: pci_bus 0000:00: root bus resource [io  0x0d00-0xffff window]
Feb 09 12:28:50 hpPav kernel: pci_bus 0000:00: root bus resource [mem 0x000a0000-0x000bffff window]
Feb 09 12:28:50 hpPav kernel: pci_bus 0000:00: root bus resource [mem 0x000e0000-0x000effff window]
Feb 09 12:28:50 hpPav kernel: pci_bus 0000:00: root bus resource [mem 0x90000000-0xdfffffff window]
Feb 09 12:28:50 hpPav kernel: pci_bus 0000:00: root bus resource [mem 0xfc800000-0xfe7fffff window]
Feb 09 12:28:50 hpPav kernel: pci 0000:00:00.0: [8086:3ec2] type 00 class 0x060000
Feb 09 12:28:50 hpPav kernel: pci 0000:00:01.0: [8086:1901] type 01 class 0x060400
Feb 09 12:28:50 hpPav kernel: pci 0000:00:01.0: PME# supported from D0 D3hot D3cold
Feb 09 12:28:50 hpPav kernel: pci 0000:00:12.0: [8086:a379] type 00 class 0x118000
Feb 09 12:28:50 hpPav kernel: pci 0000:00:12.0: reg 0x10: [mem 0xa3521000-0xa3521fff 64bit]
Feb 09 12:28:50 hpPav kernel: pci 0000:00:14.0: [8086:a36d] type 00 class 0x0c0330
Feb 09 12:28:50 hpPav kernel: pci 0000:00:14.0: reg 0x10: [mem 0xa3500000-0xa350ffff 64bit]
Feb 09 12:28:50 hpPav kernel: pci 0000:00:14.0: PME# supported from D3hot D3cold
Feb 09 12:28:50 hpPav kernel: pci 0000:00:14.2: [8086:a36f] type 00 class 0x050000
Feb 09 12:28:50 hpPav kernel: pci 0000:00:14.2: reg 0x10: [mem 0xa3516000-0xa3517fff 64bit]
Feb 09 12:28:50 hpPav kernel: pci 0000:00:14.2: reg 0x18: [mem 0xa3520000-0xa3520fff 64bit]
Feb 09 12:28:50 hpPav kernel: pci 0000:00:14.5: [8086:a375] type 00 class 0x080501
Feb 09 12:28:50 hpPav kernel: pci 0000:00:14.5: reg 0x10: [mem 0xa351f000-0xa351ffff 64bit]
Feb 09 12:28:50 hpPav kernel: pci 0000:00:15.0: [8086:a368] type 00 class 0x0c8000
Feb 09 12:28:50 hpPav kernel: pci 0000:00:15.0: reg 0x10: [mem 0x00000000-0x00000fff 64bit]
Feb 09 12:28:50 hpPav kernel: pci 0000:00:15.1: [8086:a369] type 00 class 0x0c8000
Feb 09 12:28:50 hpPav kernel: pci 0000:00:15.1: reg 0x10: [mem 0x00000000-0x00000fff 64bit]
Feb 09 12:28:50 hpPav kernel: pci 0000:00:16.0: [8086:a360] type 00 class 0x078000
Feb 09 12:28:50 hpPav kernel: pci 0000:00:16.0: reg 0x10: [mem 0xa351c000-0xa351cfff 64bit]
Feb 09 12:28:50 hpPav kernel: pci 0000:00:16.0: PME# supported from D3hot
Feb 09 12:28:50 hpPav kernel: pci 0000:00:17.0: [8086:a352] type 00 class 0x010601
Feb 09 12:28:50 hpPav kernel: pci 0000:00:17.0: reg 0x10: [mem 0xa3514000-0xa3515fff]
Feb 09 12:28:50 hpPav kernel: pci 0000:00:17.0: reg 0x14: [mem 0xa351b000-0xa351b0ff]
Feb 09 12:28:50 hpPav kernel: pci 0000:00:17.0: reg 0x18: [io  0x6050-0x6057]
Feb 09 12:28:50 hpPav kernel: pci 0000:00:17.0: reg 0x1c: [io  0x6040-0x6043]
Feb 09 12:28:50 hpPav kernel: pci 0000:00:17.0: reg 0x20: [io  0x6020-0x603f]
Feb 09 12:28:50 hpPav kernel: pci 0000:00:17.0: reg 0x24: [mem 0xa351a000-0xa351a7ff]
Feb 09 12:28:50 hpPav kernel: pci 0000:00:17.0: PME# supported from D3hot
Feb 09 12:28:50 hpPav kernel: pci 0000:00:1c.0: [8086:a33c] type 01 class 0x060400
Feb 09 12:28:50 hpPav kernel: pci 0000:00:1c.0: PME# supported from D0 D3hot D3cold
Feb 09 12:28:50 hpPav kernel: pci 0000:00:1c.0: PTM enabled (root), 4ns granularity
Feb 09 12:28:50 hpPav kernel: pci 0000:00:1c.6: [8086:a33e] type 01 class 0x060400
Feb 09 12:28:50 hpPav kernel: pci 0000:00:1c.6: PME# supported from D0 D3hot D3cold
Feb 09 12:28:50 hpPav kernel: pci 0000:00:1c.6: PTM enabled (root), 4ns granularity
Feb 09 12:28:50 hpPav kernel: pci 0000:00:1d.0: [8086:a330] type 01 class 0x060400
Feb 09 12:28:50 hpPav kernel: pci 0000:00:1d.0: PME# supported from D0 D3hot D3cold
Feb 09 12:28:50 hpPav kernel: pci 0000:00:1d.0: PTM enabled (root), 4ns granularity
Feb 09 12:28:50 hpPav kernel: pci 0000:00:1e.0: [8086:a328] type 00 class 0x078000
Feb 09 12:28:50 hpPav kernel: pci 0000:00:1e.0: reg 0x10: [mem 0x00000000-0x00000fff 64bit]
Feb 09 12:28:50 hpPav kernel: pci 0000:00:1f.0: [8086:a304] type 00 class 0x060100
Feb 09 12:28:50 hpPav kernel: pci 0000:00:1f.3: [8086:a348] type 00 class 0x040300
Feb 09 12:28:50 hpPav kernel: pci 0000:00:1f.3: reg 0x10: [mem 0xa3510000-0xa3513fff 64bit]
Feb 09 12:28:50 hpPav kernel: pci 0000:00:1f.3: reg 0x20: [mem 0xa3100000-0xa31fffff 64bit]
Feb 09 12:28:50 hpPav kernel: pci 0000:00:1f.3: PME# supported from D3hot D3cold
Feb 09 12:28:50 hpPav kernel: pci 0000:00:1f.4: [8086:a323] type 00 class 0x0c0500
Feb 09 12:28:50 hpPav kernel: pci 0000:00:1f.4: reg 0x10: [mem 0xa3518000-0xa35180ff 64bit]
Feb 09 12:28:50 hpPav kernel: pci 0000:00:1f.4: reg 0x20: [io  0xefa0-0xefbf]
Feb 09 12:28:50 hpPav kernel: pci 0000:00:1f.5: [8086:a324] type 00 class 0x0c8000
Feb 09 12:28:50 hpPav kernel: pci 0000:00:1f.5: reg 0x10: [mem 0xfe010000-0xfe010fff]
Feb 09 12:28:50 hpPav kernel: pci 0000:01:00.0: [10de:1c03] type 00 class 0x030000
Feb 09 12:28:50 hpPav kernel: pci 0000:01:00.0: reg 0x10: [mem 0xa2000000-0xa2ffffff]
Feb 09 12:28:50 hpPav kernel: pci 0000:01:00.0: reg 0x14: [mem 0x90000000-0x9fffffff 64bit pref]
Feb 09 12:28:50 hpPav kernel: pci 0000:01:00.0: reg 0x1c: [mem 0xa0000000-0xa1ffffff 64bit pref]
Feb 09 12:28:50 hpPav kernel: pci 0000:01:00.0: reg 0x24: [io  0x5000-0x507f]
Feb 09 12:28:50 hpPav kernel: pci 0000:01:00.0: reg 0x30: [mem 0xa3000000-0xa307ffff pref]
Feb 09 12:28:50 hpPav kernel: pci 0000:01:00.0: BAR 1: assigned to efifb
Feb 09 12:28:50 hpPav kernel: pci 0000:01:00.0: 32.000 Gb/s available PCIe bandwidth, limited by 2.5 GT/s PCIe x16 link at 0000:00:01.0 (capable of 126.016 Gb/s with 8.0 GT/s PCIe x16 link)
Feb 09 12:28:50 hpPav kernel: pci 0000:01:00.1: [10de:10f1] type 00 class 0x040300
Feb 09 12:28:50 hpPav kernel: pci 0000:01:00.1: reg 0x10: [mem 0xa3080000-0xa3083fff]
Feb 09 12:28:50 hpPav kernel: pci 0000:00:01.0: PCI bridge to [bus 01]
Feb 09 12:28:50 hpPav kernel: pci 0000:00:01.0:   bridge window [io  0x5000-0x5fff]
Feb 09 12:28:50 hpPav kernel: pci 0000:00:01.0:   bridge window [mem 0xa2000000-0xa30fffff]
Feb 09 12:28:50 hpPav kernel: pci 0000:00:01.0:   bridge window [mem 0x90000000-0xa1ffffff 64bit pref]
Feb 09 12:28:50 hpPav kernel: pci 0000:02:00.0: [10ec:c821] type 00 class 0x028000
Feb 09 12:28:50 hpPav kernel: pci 0000:02:00.0: reg 0x10: [io  0x4000-0x40ff]
Feb 09 12:28:50 hpPav kernel: pci 0000:02:00.0: reg 0x18: [mem 0xa3400000-0xa340ffff 64bit]
Feb 09 12:28:50 hpPav kernel: pci 0000:02:00.0: supports D1 D2
Feb 09 12:28:50 hpPav kernel: pci 0000:02:00.0: PME# supported from D0 D1 D2 D3hot D3cold
Feb 09 12:28:50 hpPav kernel: pci 0000:00:1c.0: PCI bridge to [bus 02]
Feb 09 12:28:50 hpPav kernel: pci 0000:00:1c.0:   bridge window [io  0x4000-0x4fff]
Feb 09 12:28:50 hpPav kernel: pci 0000:00:1c.0:   bridge window [mem 0xa3400000-0xa34fffff]
Feb 09 12:28:50 hpPav kernel: pci 0000:03:00.0: [10ec:8168] type 00 class 0x020000
Feb 09 12:28:50 hpPav kernel: pci 0000:03:00.0: reg 0x10: [io  0x3000-0x30ff]
Feb 09 12:28:50 hpPav kernel: pci 0000:03:00.0: reg 0x18: [mem 0xa3304000-0xa3304fff 64bit]
Feb 09 12:28:50 hpPav kernel: pci 0000:03:00.0: reg 0x20: [mem 0xa3300000-0xa3303fff 64bit]
Feb 09 12:28:50 hpPav kernel: pci 0000:03:00.0: supports D1 D2
Feb 09 12:28:50 hpPav kernel: pci 0000:03:00.0: PME# supported from D0 D1 D2 D3hot D3cold
Feb 09 12:28:50 hpPav kernel: pci 0000:00:1c.6: PCI bridge to [bus 03]
Feb 09 12:28:50 hpPav kernel: pci 0000:00:1c.6:   bridge window [io  0x3000-0x3fff]
Feb 09 12:28:50 hpPav kernel: pci 0000:00:1c.6:   bridge window [mem 0xa3300000-0xa33fffff]
Feb 09 12:28:50 hpPav kernel: pci 0000:04:00.0: [15b7:5003] type 00 class 0x010802
Feb 09 12:28:50 hpPav kernel: pci 0000:04:00.0: reg 0x10: [mem 0xa3200000-0xa3203fff 64bit]
Feb 09 12:28:50 hpPav kernel: pci 0000:00:1d.0: PCI bridge to [bus 04]
Feb 09 12:28:50 hpPav kernel: pci 0000:00:1d.0:   bridge window [mem 0xa3200000-0xa32fffff]
Feb 09 12:28:50 hpPav kernel: ACPI: PCI: Interrupt link LNKA configured for IRQ 0
Feb 09 12:28:50 hpPav kernel: ACPI: PCI: Interrupt link LNKB configured for IRQ 1
Feb 09 12:28:50 hpPav kernel: ACPI: PCI: Interrupt link LNKC configured for IRQ 0
Feb 09 12:28:50 hpPav kernel: ACPI: PCI: Interrupt link LNKD configured for IRQ 0
Feb 09 12:28:50 hpPav kernel: ACPI: PCI: Interrupt link LNKE configured for IRQ 0
Feb 09 12:28:50 hpPav kernel: ACPI: PCI: Interrupt link LNKF configured for IRQ 0
Feb 09 12:28:50 hpPav kernel: ACPI: PCI: Interrupt link LNKG configured for IRQ 0
Feb 09 12:28:50 hpPav kernel: ACPI: PCI: Interrupt link LNKH configured for IRQ 0
Feb 09 12:28:50 hpPav kernel: acpi LNXPOWER:12: Turning OFF
Feb 09 12:28:50 hpPav kernel: acpi LNXPOWER:11: Turning OFF
Feb 09 12:28:50 hpPav kernel: acpi LNXPOWER:10: Turning OFF
Feb 09 12:28:50 hpPav kernel: acpi LNXPOWER:0f: Turning OFF
Feb 09 12:28:50 hpPav kernel: acpi LNXPOWER:0e: Turning OFF
Feb 09 12:28:50 hpPav kernel: acpi LNXPOWER:08: Turning OFF
Feb 09 12:28:50 hpPav kernel: acpi LNXPOWER:07: Turning OFF
Feb 09 12:28:50 hpPav kernel: iommu: Default domain type: Translated 
Feb 09 12:28:50 hpPav kernel: SCSI subsystem initialized
Feb 09 12:28:50 hpPav kernel: libata version 3.00 loaded.
Feb 09 12:28:50 hpPav kernel: pci 0000:01:00.0: vgaarb: setting as boot VGA device
Feb 09 12:28:50 hpPav kernel: pci 0000:01:00.0: vgaarb: VGA device added: decodes=io+mem,owns=io+mem,locks=none
Feb 09 12:28:50 hpPav kernel: pci 0000:01:00.0: vgaarb: bridge control possible
Feb 09 12:28:50 hpPav kernel: vgaarb: loaded
Feb 09 12:28:50 hpPav kernel: ACPI: bus type USB registered
Feb 09 12:28:50 hpPav kernel: usbcore: registered new interface driver usbfs
Feb 09 12:28:50 hpPav kernel: usbcore: registered new interface driver hub
Feb 09 12:28:50 hpPav kernel: usbcore: registered new device driver usb
Feb 09 12:28:50 hpPav kernel: pps_core: LinuxPPS API ver. 1 registered
Feb 09 12:28:50 hpPav kernel: pps_core: Software ver. 5.3.6 - Copyright 2005-2007 Rodolfo Giometti <giometti@linux.it>
Feb 09 12:28:50 hpPav kernel: PTP clock support registered
Feb 09 12:28:50 hpPav kernel: EDAC MC: Ver: 3.0.0
Feb 09 12:28:50 hpPav kernel: Registered efivars operations
Feb 09 12:28:50 hpPav kernel: NetLabel: Initializing
Feb 09 12:28:50 hpPav kernel: NetLabel:  domain hash size = 128
Feb 09 12:28:50 hpPav kernel: NetLabel:  protocols = UNLABELED CIPSOv4 CALIPSO
Feb 09 12:28:50 hpPav kernel: NetLabel:  unlabeled traffic allowed by default
Feb 09 12:28:50 hpPav kernel: PCI: Using ACPI for IRQ routing
Feb 09 12:28:50 hpPav kernel: PCI: pci_cache_line_size set to 64 bytes
Feb 09 12:28:50 hpPav kernel: e820: reserve RAM buffer [mem 0x0009f000-0x0009ffff]
Feb 09 12:28:50 hpPav kernel: e820: reserve RAM buffer [mem 0x81fc5018-0x83ffffff]
Feb 09 12:28:50 hpPav kernel: e820: reserve RAM buffer [mem 0x864af000-0x87ffffff]
Feb 09 12:28:50 hpPav kernel: e820: reserve RAM buffer [mem 0x865ef000-0x87ffffff]
Feb 09 12:28:50 hpPav kernel: e820: reserve RAM buffer [mem 0x882bd000-0x8bffffff]
Feb 09 12:28:50 hpPav kernel: e820: reserve RAM buffer [mem 0x89b59000-0x8bffffff]
Feb 09 12:28:50 hpPav kernel: e820: reserve RAM buffer [mem 0x8dc0f000-0x8fffffff]
Feb 09 12:28:50 hpPav kernel: e820: reserve RAM buffer [mem 0x46e000000-0x46fffffff]
Feb 09 12:28:50 hpPav kernel: clocksource: Switched to clocksource tsc-early
Feb 09 12:28:50 hpPav kernel: VFS: Disk quotas dquot_6.6.0
Feb 09 12:28:50 hpPav kernel: VFS: Dquot-cache hash table entries: 512 (order 0, 4096 bytes)
Feb 09 12:28:50 hpPav kernel: AppArmor: AppArmor Filesystem Enabled
Feb 09 12:28:50 hpPav kernel: pnp: PnP ACPI init
Feb 09 12:28:50 hpPav kernel: system 00:00: [mem 0x40000000-0x403fffff] could not be reserved
Feb 09 12:28:50 hpPav kernel: system 00:00: Plug and Play ACPI device, IDs PNP0c02 (active)
Feb 09 12:28:50 hpPav kernel: system 00:01: [io  0x0680-0x069f] has been reserved
Feb 09 12:28:50 hpPav kernel: system 00:01: [io  0x164e-0x164f] has been reserved
Feb 09 12:28:50 hpPav kernel: system 00:01: Plug and Play ACPI device, IDs PNP0c02 (active)
Feb 09 12:28:50 hpPav kernel: system 00:02: [io  0x1854-0x1857] has been reserved
Feb 09 12:28:50 hpPav kernel: system 00:02: Plug and Play ACPI device, IDs INT3f0d PNP0c02 (active)
Feb 09 12:28:50 hpPav kernel: system 00:03: [mem 0xfed10000-0xfed17fff] has been reserved
Feb 09 12:28:50 hpPav kernel: system 00:03: [mem 0xfed18000-0xfed18fff] has been reserved
Feb 09 12:28:50 hpPav kernel: system 00:03: [mem 0xfed19000-0xfed19fff] has been reserved
Feb 09 12:28:50 hpPav kernel: system 00:03: [mem 0xe0000000-0xefffffff] has been reserved
Feb 09 12:28:50 hpPav kernel: system 00:03: [mem 0xfed20000-0xfed3ffff] has been reserved
Feb 09 12:28:50 hpPav kernel: system 00:03: [mem 0xfed90000-0xfed93fff] could not be reserved
Feb 09 12:28:50 hpPav kernel: system 00:03: [mem 0xfed45000-0xfed8ffff] has been reserved
Feb 09 12:28:50 hpPav kernel: system 00:03: [mem 0xfee00000-0xfeefffff] could not be reserved
Feb 09 12:28:50 hpPav kernel: system 00:03: Plug and Play ACPI device, IDs PNP0c02 (active)
Feb 09 12:28:50 hpPav kernel: system 00:04: [io  0x1800-0x18fe] could not be reserved
Feb 09 12:28:50 hpPav kernel: system 00:04: [mem 0xfd000000-0xfd69ffff] has been reserved
Feb 09 12:28:50 hpPav kernel: system 00:04: [mem 0xfd6c0000-0xfd6cffff] has been reserved
Feb 09 12:28:50 hpPav kernel: system 00:04: [mem 0xfd6f0000-0xfdffffff] has been reserved
Feb 09 12:28:50 hpPav kernel: system 00:04: [mem 0xfe000000-0xfe01ffff] could not be reserved
Feb 09 12:28:50 hpPav kernel: system 00:04: [mem 0xfe200000-0xfe7fffff] has been reserved
Feb 09 12:28:50 hpPav kernel: system 00:04: [mem 0xff000000-0xffffffff] has been reserved
Feb 09 12:28:50 hpPav kernel: system 00:04: Plug and Play ACPI device, IDs PNP0c02 (active)
Feb 09 12:28:50 hpPav kernel: system 00:05: [io  0x2000-0x20fe] has been reserved
Feb 09 12:28:50 hpPav kernel: system 00:05: Plug and Play ACPI device, IDs PNP0c02 (active)
Feb 09 12:28:50 hpPav kernel: system 00:06: Plug and Play ACPI device, IDs PNP0c02 (active)
Feb 09 12:28:50 hpPav kernel: pnp: PnP ACPI: found 7 devices
Feb 09 12:28:50 hpPav kernel: clocksource: acpi_pm: mask: 0xffffff max_cycles: 0xffffff, max_idle_ns: 2085701024 ns
Feb 09 12:28:50 hpPav kernel: NET: Registered protocol family 2
Feb 09 12:28:50 hpPav kernel: IP idents hash table entries: 262144 (order: 9, 2097152 bytes, linear)
Feb 09 12:28:50 hpPav kernel: tcp_listen_portaddr_hash hash table entries: 8192 (order: 5, 131072 bytes, linear)
Feb 09 12:28:50 hpPav kernel: TCP established hash table entries: 131072 (order: 8, 1048576 bytes, linear)
Feb 09 12:28:50 hpPav kernel: TCP bind hash table entries: 65536 (order: 8, 1048576 bytes, linear)
Feb 09 12:28:50 hpPav kernel: TCP: Hash tables configured (established 131072 bind 65536)
Feb 09 12:28:50 hpPav kernel: MPTCP token hash table entries: 16384 (order: 6, 393216 bytes, linear)
Feb 09 12:28:50 hpPav kernel: UDP hash table entries: 8192 (order: 6, 262144 bytes, linear)
Feb 09 12:28:50 hpPav kernel: UDP-Lite hash table entries: 8192 (order: 6, 262144 bytes, linear)
Feb 09 12:28:50 hpPav kernel: NET: Registered protocol family 1
Feb 09 12:28:50 hpPav kernel: NET: Registered protocol family 44
Feb 09 12:28:50 hpPav kernel: pci 0000:00:15.0: BAR 0: assigned [mem 0xa3519000-0xa3519fff 64bit]
Feb 09 12:28:50 hpPav kernel: pci 0000:00:15.1: BAR 0: assigned [mem 0xa351d000-0xa351dfff 64bit]
Feb 09 12:28:50 hpPav kernel: pci 0000:00:1e.0: BAR 0: assigned [mem 0xa351e000-0xa351efff 64bit]
Feb 09 12:28:50 hpPav kernel: pci 0000:00:01.0: PCI bridge to [bus 01]
Feb 09 12:28:50 hpPav kernel: pci 0000:00:01.0:   bridge window [io  0x5000-0x5fff]
Feb 09 12:28:50 hpPav kernel: pci 0000:00:01.0:   bridge window [mem 0xa2000000-0xa30fffff]
Feb 09 12:28:50 hpPav kernel: pci 0000:00:01.0:   bridge window [mem 0x90000000-0xa1ffffff 64bit pref]
Feb 09 12:28:50 hpPav kernel: pci 0000:00:1c.0: PCI bridge to [bus 02]
Feb 09 12:28:50 hpPav kernel: pci 0000:00:1c.0:   bridge window [io  0x4000-0x4fff]
Feb 09 12:28:50 hpPav kernel: pci 0000:00:1c.0:   bridge window [mem 0xa3400000-0xa34fffff]
Feb 09 12:28:50 hpPav kernel: pci 0000:00:1c.6: PCI bridge to [bus 03]
Feb 09 12:28:50 hpPav kernel: pci 0000:00:1c.6:   bridge window [io  0x3000-0x3fff]
Feb 09 12:28:50 hpPav kernel: pci 0000:00:1c.6:   bridge window [mem 0xa3300000-0xa33fffff]
Feb 09 12:28:50 hpPav kernel: pci 0000:00:1d.0: PCI bridge to [bus 04]
Feb 09 12:28:50 hpPav kernel: pci 0000:00:1d.0:   bridge window [mem 0xa3200000-0xa32fffff]
Feb 09 12:28:50 hpPav kernel: pci_bus 0000:00: resource 4 [io  0x0000-0x0cf7 window]
Feb 09 12:28:50 hpPav kernel: pci_bus 0000:00: resource 5 [io  0x0d00-0xffff window]
Feb 09 12:28:50 hpPav kernel: pci_bus 0000:00: resource 6 [mem 0x000a0000-0x000bffff window]
Feb 09 12:28:50 hpPav kernel: pci_bus 0000:00: resource 7 [mem 0x000e0000-0x000effff window]
Feb 09 12:28:50 hpPav kernel: pci_bus 0000:00: resource 8 [mem 0x90000000-0xdfffffff window]
Feb 09 12:28:50 hpPav kernel: pci_bus 0000:00: resource 9 [mem 0xfc800000-0xfe7fffff window]
Feb 09 12:28:50 hpPav kernel: pci_bus 0000:01: resource 0 [io  0x5000-0x5fff]
Feb 09 12:28:50 hpPav kernel: pci_bus 0000:01: resource 1 [mem 0xa2000000-0xa30fffff]
Feb 09 12:28:50 hpPav kernel: pci_bus 0000:01: resource 2 [mem 0x90000000-0xa1ffffff 64bit pref]
Feb 09 12:28:50 hpPav kernel: pci_bus 0000:02: resource 0 [io  0x4000-0x4fff]
Feb 09 12:28:50 hpPav kernel: pci_bus 0000:02: resource 1 [mem 0xa3400000-0xa34fffff]
Feb 09 12:28:50 hpPav kernel: pci_bus 0000:03: resource 0 [io  0x3000-0x3fff]
Feb 09 12:28:50 hpPav kernel: pci_bus 0000:03: resource 1 [mem 0xa3300000-0xa33fffff]
Feb 09 12:28:50 hpPav kernel: pci_bus 0000:04: resource 1 [mem 0xa3200000-0xa32fffff]
Feb 09 12:28:50 hpPav kernel: pci 0000:01:00.0: Video device with shadowed ROM at [mem 0x000c0000-0x000dffff]
Feb 09 12:28:50 hpPav kernel: pci 0000:01:00.1: D0 power state depends on 0000:01:00.0
Feb 09 12:28:50 hpPav kernel: PCI: CLS 64 bytes, default 64
Feb 09 12:28:50 hpPav kernel: PCI-DMA: Using software bounce buffering for IO (SWIOTLB)
Feb 09 12:28:50 hpPav kernel: software IO TLB: mapped [mem 0x000000007dfc4000-0x0000000081fc4000] (64MB)
Feb 09 12:28:50 hpPav kernel: Trying to unpack rootfs image as initramfs...
Feb 09 12:28:50 hpPav kernel: platform rtc_cmos: registered platform RTC device (no PNP device found)
Feb 09 12:28:50 hpPav kernel: Initialise system trusted keyrings
Feb 09 12:28:50 hpPav kernel: Key type blacklist registered
Feb 09 12:28:50 hpPav kernel: workingset: timestamp_bits=36 max_order=22 bucket_order=0
Feb 09 12:28:50 hpPav kernel: zbud: loaded
Feb 09 12:28:50 hpPav kernel: squashfs: version 4.0 (2009/01/31) Phillip Lougher
Feb 09 12:28:50 hpPav kernel: fuse: init (API version 7.34)
Feb 09 12:28:50 hpPav kernel: integrity: Platform Keyring initialized
Feb 09 12:28:50 hpPav kernel: Key type asymmetric registered
Feb 09 12:28:50 hpPav kernel: Asymmetric key parser 'x509' registered
Feb 09 12:28:50 hpPav kernel: Block layer SCSI generic (bsg) driver version 0.4 loaded (major 243)
Feb 09 12:28:50 hpPav kernel: io scheduler mq-deadline registered
Feb 09 12:28:50 hpPav kernel: pcieport 0000:00:01.0: PME: Signaling with IRQ 121
Feb 09 12:28:50 hpPav kernel: pcieport 0000:00:1c.0: PME: Signaling with IRQ 122
Feb 09 12:28:50 hpPav kernel: pcieport 0000:00:1c.0: AER: enabled with IRQ 122
Feb 09 12:28:50 hpPav kernel: pcieport 0000:00:1c.0: DPC: enabled with IRQ 122
Feb 09 12:28:50 hpPav kernel: pcieport 0000:00:1c.0: DPC: error containment capabilities: Int Msg #0, RPExt+ PoisonedTLP+ SwTrigger+ RP PIO Log 4, DL_ActiveErr+
Feb 09 12:28:50 hpPav kernel: pcieport 0000:00:1c.6: PME: Signaling with IRQ 123
Feb 09 12:28:50 hpPav kernel: pcieport 0000:00:1c.6: AER: enabled with IRQ 123
Feb 09 12:28:50 hpPav kernel: pcieport 0000:00:1c.6: DPC: enabled with IRQ 123
Feb 09 12:28:50 hpPav kernel: pcieport 0000:00:1c.6: DPC: error containment capabilities: Int Msg #0, RPExt+ PoisonedTLP+ SwTrigger+ RP PIO Log 4, DL_ActiveErr+
Feb 09 12:28:50 hpPav kernel: pcieport 0000:00:1d.0: PME: Signaling with IRQ 124
Feb 09 12:28:50 hpPav kernel: pcieport 0000:00:1d.0: AER: enabled with IRQ 124
Feb 09 12:28:50 hpPav kernel: pcieport 0000:00:1d.0: DPC: enabled with IRQ 124
Feb 09 12:28:50 hpPav kernel: pcieport 0000:00:1d.0: DPC: error containment capabilities: Int Msg #0, RPExt+ PoisonedTLP+ SwTrigger+ RP PIO Log 4, DL_ActiveErr+
Feb 09 12:28:50 hpPav kernel: shpchp: Standard Hot Plug PCI Controller Driver version: 0.4
Feb 09 12:28:50 hpPav kernel: efifb: probing for efifb
Feb 09 12:28:50 hpPav kernel: efifb: showing boot graphics
Feb 09 12:28:50 hpPav kernel: efifb: framebuffer at 0x90000000, using 8640k, total 8640k
Feb 09 12:28:50 hpPav kernel: efifb: mode is 1920x1080x32, linelength=8192, pages=1
Feb 09 12:28:50 hpPav kernel: efifb: scrolling: redraw
Feb 09 12:28:50 hpPav kernel: efifb: Truecolor: size=8:8:8:8, shift=24:16:8:0
Feb 09 12:28:50 hpPav kernel: fbcon: Deferring console take-over
Feb 09 12:28:50 hpPav kernel: fb0: EFI VGA frame buffer device
Feb 09 12:28:50 hpPav kernel: intel_idle: max_cstate 1 reached
Feb 09 12:28:50 hpPav kernel: input: Sleep Button as /devices/LNXSYSTM:00/LNXSYBUS:00/PNP0C0E:00/input/input0
Feb 09 12:28:50 hpPav kernel: ACPI: button: Sleep Button [SLPB]
Feb 09 12:28:50 hpPav kernel: input: Power Button as /devices/LNXSYSTM:00/LNXSYBUS:00/PNP0C0C:00/input/input1
Feb 09 12:28:50 hpPav kernel: ACPI: button: Power Button [PWRB]
Feb 09 12:28:50 hpPav kernel: input: Power Button as /devices/LNXSYSTM:00/LNXPWRBN:00/input/input2
Feb 09 12:28:50 hpPav kernel: ACPI: button: Power Button [PWRF]
Feb 09 12:28:50 hpPav kernel: smpboot: Estimated ratio of average max frequency by base frequency (times 1024): 1376
Feb 09 12:28:50 hpPav kernel: thermal LNXTHERM:00: registered as thermal_zone0
Feb 09 12:28:50 hpPav kernel: ACPI: thermal: Thermal Zone [HPTZ] (25 C)
Feb 09 12:28:50 hpPav kernel: thermal LNXTHERM:01: registered as thermal_zone1
Feb 09 12:28:50 hpPav kernel: ACPI: thermal: Thermal Zone [TZ00] (28 C)
Feb 09 12:28:50 hpPav kernel: Serial: 8250/16550 driver, 32 ports, IRQ sharing enabled
Feb 09 12:28:50 hpPav kernel: serial8250: ttyS0 at I/O 0x3f8 (irq = 4, base_baud = 115200) is a 16550A
Feb 09 12:28:50 hpPav kernel: hpet_acpi_add: no address or irqs in _CRS
Feb 09 12:28:50 hpPav kernel: Linux agpgart interface v0.103
Feb 09 12:28:50 hpPav kernel: Freeing initrd memory: 58156K
Feb 09 12:28:50 hpPav kernel: loop: module loaded
Feb 09 12:28:50 hpPav kernel: libphy: Fixed MDIO Bus: probed
Feb 09 12:28:50 hpPav kernel: tun: Universal TUN/TAP device driver, 1.6
Feb 09 12:28:50 hpPav kernel: PPP generic driver version 2.4.2
Feb 09 12:28:50 hpPav kernel: VFIO - User Level meta-driver version: 0.3
Feb 09 12:28:50 hpPav kernel: ehci_hcd: USB 2.0 'Enhanced' Host Controller (EHCI) Driver
Feb 09 12:28:50 hpPav kernel: ehci-pci: EHCI PCI platform driver
Feb 09 12:28:50 hpPav kernel: ehci-platform: EHCI generic platform driver
Feb 09 12:28:50 hpPav kernel: ohci_hcd: USB 1.1 'Open' Host Controller (OHCI) Driver
Feb 09 12:28:50 hpPav kernel: ohci-pci: OHCI PCI platform driver
Feb 09 12:28:50 hpPav kernel: ohci-platform: OHCI generic platform driver
Feb 09 12:28:50 hpPav kernel: uhci_hcd: USB Universal Host Controller Interface driver
Feb 09 12:28:50 hpPav kernel: i8042: PNP: No PS/2 controller found.
Feb 09 12:28:50 hpPav kernel: mousedev: PS/2 mouse device common for all mice
Feb 09 12:28:50 hpPav kernel: rtc_cmos rtc_cmos: RTC can wake from S4
Feb 09 12:28:50 hpPav kernel: rtc_cmos rtc_cmos: registered as rtc0
Feb 09 12:28:50 hpPav kernel: rtc_cmos rtc_cmos: setting system clock to 2022-02-09T11:28:43 UTC (1644406123)
Feb 09 12:28:50 hpPav kernel: rtc_cmos rtc_cmos: alarms up to one month, y3k, 114 bytes nvram
Feb 09 12:28:50 hpPav kernel: i2c /dev entries driver
Feb 09 12:28:50 hpPav kernel: device-mapper: uevent: version 1.0.3
Feb 09 12:28:50 hpPav kernel: device-mapper: ioctl: 4.45.0-ioctl (2021-03-22) initialised: dm-devel@redhat.com
Feb 09 12:28:50 hpPav kernel: platform eisa.0: Probing EISA bus 0
Feb 09 12:28:50 hpPav kernel: platform eisa.0: EISA: Cannot allocate resource for mainboard
Feb 09 12:28:50 hpPav kernel: platform eisa.0: Cannot allocate resource for EISA slot 1
Feb 09 12:28:50 hpPav kernel: platform eisa.0: Cannot allocate resource for EISA slot 2
Feb 09 12:28:50 hpPav kernel: platform eisa.0: Cannot allocate resource for EISA slot 3
Feb 09 12:28:50 hpPav kernel: platform eisa.0: Cannot allocate resource for EISA slot 4
Feb 09 12:28:50 hpPav kernel: platform eisa.0: Cannot allocate resource for EISA slot 5
Feb 09 12:28:50 hpPav kernel: platform eisa.0: Cannot allocate resource for EISA slot 6
Feb 09 12:28:50 hpPav kernel: platform eisa.0: Cannot allocate resource for EISA slot 7
Feb 09 12:28:50 hpPav kernel: platform eisa.0: Cannot allocate resource for EISA slot 8
Feb 09 12:28:50 hpPav kernel: platform eisa.0: EISA: Detected 0 cards
Feb 09 12:28:50 hpPav kernel: intel_pstate: Intel P-state driver initializing
Feb 09 12:28:50 hpPav kernel: intel_pstate: Disabling energy efficiency optimization
Feb 09 12:28:50 hpPav kernel: intel_pstate: HWP enabled
Feb 09 12:28:50 hpPav kernel: ledtrig-cpu: registered to indicate activity on CPUs
Feb 09 12:28:50 hpPav kernel: EFI Variables Facility v0.08 2004-May-17
Feb 09 12:28:50 hpPav kernel: intel_pmc_core INT33A1:00:  initialized
Feb 09 12:28:50 hpPav kernel: drop_monitor: Initializing network drop monitor service
Feb 09 12:28:50 hpPav kernel: NET: Registered protocol family 10
Feb 09 12:28:50 hpPav kernel: Segment Routing with IPv6
Feb 09 12:28:50 hpPav kernel: NET: Registered protocol family 17
Feb 09 12:28:50 hpPav kernel: Key type dns_resolver registered
Feb 09 12:28:50 hpPav kernel: microcode: sig=0x906ea, pf=0x2, revision=0xea
Feb 09 12:28:50 hpPav kernel: microcode: Microcode Update Driver: v2.2.
Feb 09 12:28:50 hpPav kernel: IPI shorthand broadcast: enabled
Feb 09 12:28:50 hpPav kernel: sched_clock: Marking stable (709853244, 12368057)->(735321818, -13100517)
Feb 09 12:28:50 hpPav kernel: registered taskstats version 1
Feb 09 12:28:50 hpPav kernel: Loading compiled-in X.509 certificates
Feb 09 12:28:50 hpPav kernel: Loaded X.509 cert 'Build time autogenerated kernel key: d6a21f46d6a67427d255b7091eb969d415d4bba9'
Feb 09 12:28:50 hpPav kernel: Loaded X.509 cert 'Canonical Ltd. Live Patch Signing: 14df34d1a87cf37625abec039ef2bf521249b969'
Feb 09 12:28:50 hpPav kernel: Loaded X.509 cert 'Canonical Ltd. Kernel Module Signing: 88f752e560a1e0737e31163a466ad7b70a850c19'
Feb 09 12:28:50 hpPav kernel: blacklist: Loading compiled-in revocation X.509 certificates
Feb 09 12:28:50 hpPav kernel: Loaded X.509 cert 'Canonical Ltd. Secure Boot Signing: 61482aa2830d0ab2ad5af10b7250da9033ddcef0'
Feb 09 12:28:50 hpPav kernel: zswap: loaded using pool lzo/zbud
Feb 09 12:28:50 hpPav kernel: Key type ._fscrypt registered
Feb 09 12:28:50 hpPav kernel: Key type .fscrypt registered
Feb 09 12:28:50 hpPav kernel: Key type fscrypt-provisioning registered
Feb 09 12:28:50 hpPav kernel: Key type trusted registered
Feb 09 12:28:50 hpPav kernel: Key type encrypted registered
Feb 09 12:28:50 hpPav kernel: AppArmor: AppArmor sha1 policy hashing enabled
Feb 09 12:28:50 hpPav kernel: integrity: Loading X.509 certificate: UEFI:db
Feb 09 12:28:50 hpPav kernel: integrity: Loaded X.509 cert 'HP Inc.: HP UEFI Secure Boot DB 2017: d9c01b50cfcae89d3b05345c163aa76e5dd589e7'
Feb 09 12:28:50 hpPav kernel: integrity: Loading X.509 certificate: UEFI:db
Feb 09 12:28:50 hpPav kernel: integrity: Loaded X.509 cert 'Microsoft Corporation UEFI CA 2011: 13adbf4309bd82709c8cd54f316ed522988a1bd4'
Feb 09 12:28:50 hpPav kernel: integrity: Loading X.509 certificate: UEFI:db
Feb 09 12:28:50 hpPav kernel: integrity: Loaded X.509 cert 'Microsoft Windows Production PCA 2011: a92902398e16c49778cd90f99e4f9ae17c55af53'
Feb 09 12:28:50 hpPav kernel: integrity: Loading X.509 certificate: UEFI:MokListRT (MOKvar table)
Feb 09 12:28:50 hpPav kernel: integrity: Loaded X.509 cert 'Canonical Ltd. Master Certificate Authority: ad91990bc22ab1f517048c23b6655a268e345a63'
Feb 09 12:28:50 hpPav kernel: integrity: Loading X.509 certificate: UEFI:MokListRT (MOKvar table)
Feb 09 12:28:50 hpPav kernel: integrity: Loaded X.509 cert 'ubuntu Secure Boot Module Signature key: a24c3c4d62da315fea10b4276bd92d6dad9cb89f'
Feb 09 12:28:50 hpPav kernel: Loading compiled-in module X.509 certificates
Feb 09 12:28:50 hpPav kernel: Loaded X.509 cert 'Build time autogenerated kernel key: d6a21f46d6a67427d255b7091eb969d415d4bba9'
Feb 09 12:28:50 hpPav kernel: ima: Allocated hash algorithm: sha1
Feb 09 12:28:50 hpPav kernel: ima: No architecture policies found
Feb 09 12:28:50 hpPav kernel: evm: Initialising EVM extended attributes:
Feb 09 12:28:50 hpPav kernel: evm: security.selinux
Feb 09 12:28:50 hpPav kernel: evm: security.SMACK64
Feb 09 12:28:50 hpPav kernel: evm: security.SMACK64EXEC
Feb 09 12:28:50 hpPav kernel: evm: security.SMACK64TRANSMUTE
Feb 09 12:28:50 hpPav kernel: evm: security.SMACK64MMAP
Feb 09 12:28:50 hpPav kernel: evm: security.apparmor
Feb 09 12:28:50 hpPav kernel: evm: security.ima
Feb 09 12:28:50 hpPav kernel: evm: security.capability
Feb 09 12:28:50 hpPav kernel: evm: HMAC attrs: 0x1
Feb 09 12:28:50 hpPav kernel: PM:   Magic number: 10:741:478
Feb 09 12:28:50 hpPav kernel: rtc rtc0: hash matches
Feb 09 12:28:50 hpPav kernel: RAS: Correctable Errors collector initialized.
Feb 09 12:28:50 hpPav kernel: Lockdown: swapper/0: hibernation is restricted; see man kernel_lockdown.7
Feb 09 12:28:50 hpPav kernel: Freeing unused decrypted memory: 2036K
Feb 09 12:28:50 hpPav kernel: Freeing unused kernel image (initmem) memory: 2904K
Feb 09 12:28:50 hpPav kernel: Write protecting the kernel read-only data: 30720k
Feb 09 12:28:50 hpPav kernel: Freeing unused kernel image (text/rodata gap) memory: 2036K
Feb 09 12:28:50 hpPav kernel: Freeing unused kernel image (rodata/data gap) memory: 1796K
Feb 09 12:28:50 hpPav kernel: x86/mm: Checked W+X mappings: passed, no W+X pages found.
Feb 09 12:28:50 hpPav kernel: x86/mm: Checking user space page tables
Feb 09 12:28:50 hpPav kernel: x86/mm: Checked W+X mappings: passed, no W+X pages found.
Feb 09 12:28:50 hpPav kernel: Run /init as init process
Feb 09 12:28:50 hpPav kernel:   with arguments:
Feb 09 12:28:50 hpPav kernel:     /init
Feb 09 12:28:50 hpPav kernel:     splash
Feb 09 12:28:50 hpPav kernel:   with environment:
Feb 09 12:28:50 hpPav kernel:     HOME=/
Feb 09 12:28:50 hpPav kernel:     TERM=linux
Feb 09 12:28:50 hpPav kernel:     BOOT_IMAGE=/boot/vmlinuz-5.13.0-28-generic
Feb 09 12:28:50 hpPav kernel: sdhci: Secure Digital Host Controller Interface driver
Feb 09 12:28:50 hpPav kernel: sdhci: Copyright(c) Pierre Ossman
Feb 09 12:28:50 hpPav kernel: i801_smbus 0000:00:1f.4: SPD Write Disable is set
Feb 09 12:28:50 hpPav kernel: i801_smbus 0000:00:1f.4: SMBus using PCI interrupt
Feb 09 12:28:50 hpPav kernel: xhci_hcd 0000:00:14.0: xHCI Host Controller
Feb 09 12:28:50 hpPav kernel: xhci_hcd 0000:00:14.0: new USB bus registered, assigned bus number 1
Feb 09 12:28:50 hpPav kernel: nvme nvme0: pci function 0000:04:00.0
Feb 09 12:28:50 hpPav kernel: intel-lpss 0000:00:15.0: enabling device (0100 -> 0102)
Feb 09 12:28:50 hpPav kernel: ahci 0000:00:17.0: version 3.0
Feb 09 12:28:50 hpPav kernel: acpi PNP0C14:01: duplicate WMI GUID 05901221-D566-11D1-B2F0-00A0C9062910 (first instance was on PNP0C14:00)
Feb 09 12:28:50 hpPav kernel: sdhci-pci 0000:00:14.5: SDHCI controller found [8086:a375] (rev 10)
Feb 09 12:28:50 hpPav kernel: sdhci-pci 0000:00:14.5: enabling device (0100 -> 0102)
Feb 09 12:28:50 hpPav kernel: xhci_hcd 0000:00:14.0: hcc params 0x200077c1 hci version 0x110 quirks 0x0000000000009810
Feb 09 12:28:50 hpPav kernel: idma64 idma64.0: Found Intel integrated DMA 64-bit
Feb 09 12:28:50 hpPav kernel: usb usb1: New USB device found, idVendor=1d6b, idProduct=0002, bcdDevice= 5.13
Feb 09 12:28:50 hpPav kernel: usb usb1: New USB device strings: Mfr=3, Product=2, SerialNumber=1
Feb 09 12:28:50 hpPav kernel: usb usb1: Product: xHCI Host Controller
Feb 09 12:28:50 hpPav kernel: usb usb1: Manufacturer: Linux 5.13.0-28-generic xhci-hcd
Feb 09 12:28:50 hpPav kernel: usb usb1: SerialNumber: 0000:00:14.0
Feb 09 12:28:50 hpPav kernel: hub 1-0:1.0: USB hub found
Feb 09 12:28:50 hpPav kernel: hub 1-0:1.0: 16 ports detected
Feb 09 12:28:50 hpPav kernel: mmc0: SDHCI controller on PCI [0000:00:14.5] using ADMA 64-bit
Feb 09 12:28:50 hpPav kernel: acpi PNP0C14:02: duplicate WMI GUID 05901221-D566-11D1-B2F0-00A0C9062910 (first instance was on PNP0C14:00)
Feb 09 12:28:50 hpPav kernel: xhci_hcd 0000:00:14.0: xHCI Host Controller
Feb 09 12:28:50 hpPav kernel: xhci_hcd 0000:00:14.0: new USB bus registered, assigned bus number 2
Feb 09 12:28:50 hpPav kernel: xhci_hcd 0000:00:14.0: Host supports USB 3.1 Enhanced SuperSpeed
Feb 09 12:28:50 hpPav kernel: usb usb2: New USB device found, idVendor=1d6b, idProduct=0003, bcdDevice= 5.13
Feb 09 12:28:50 hpPav kernel: usb usb2: New USB device strings: Mfr=3, Product=2, SerialNumber=1
Feb 09 12:28:50 hpPav kernel: usb usb2: Product: xHCI Host Controller
Feb 09 12:28:50 hpPav kernel: usb usb2: Manufacturer: Linux 5.13.0-28-generic xhci-hcd
Feb 09 12:28:50 hpPav kernel: usb usb2: SerialNumber: 0000:00:14.0
Feb 09 12:28:50 hpPav kernel: hub 2-0:1.0: USB hub found
Feb 09 12:28:50 hpPav kernel: hub 2-0:1.0: 8 ports detected
Feb 09 12:28:50 hpPav kernel: usb: port power management may be unreliable
Feb 09 12:28:50 hpPav kernel: nvme nvme0: 12/0/0 default/read/poll queues
Feb 09 12:28:50 hpPav kernel: ahci 0000:00:17.0: AHCI 0001.0301 32 slots 5 ports 6 Gbps 0x3d impl SATA mode
Feb 09 12:28:50 hpPav kernel: ahci 0000:00:17.0: flags: 64bit ncq sntf pm clo only pio slum part ems deso sadm sds apst 
Feb 09 12:28:50 hpPav kernel: i2c i2c-0: 2/2 memory slots populated (from DMI)
Feb 09 12:28:50 hpPav kernel:  nvme0n1: p1 p2 p3 p4
Feb 09 12:28:50 hpPav kernel: i2c i2c-0: Successfully instantiated SPD at 0x50
Feb 09 12:28:50 hpPav kernel: intel-lpss 0000:00:15.1: enabling device (0100 -> 0102)
Feb 09 12:28:50 hpPav kernel: idma64 idma64.1: Found Intel integrated DMA 64-bit
Feb 09 12:28:50 hpPav kernel: libphy: r8169: probed
Feb 09 12:28:50 hpPav kernel: r8169 0000:03:00.0 eth0: RTL8168h/8111h, f4:39:09:44:4d:be, XID 541, IRQ 141
Feb 09 12:28:50 hpPav kernel: r8169 0000:03:00.0 eth0: jumbo features [frames: 9194 bytes, tx checksumming: ko]
Feb 09 12:28:50 hpPav kernel: r8169 0000:03:00.0 enp3s0: renamed from eth0
Feb 09 12:28:50 hpPav kernel: intel-lpss 0000:00:1e.0: enabling device (0100 -> 0102)
Feb 09 12:28:50 hpPav kernel: idma64 idma64.2: Found Intel integrated DMA 64-bit
Feb 09 12:28:50 hpPav kernel: scsi host0: ahci
Feb 09 12:28:50 hpPav kernel: scsi host1: ahci
Feb 09 12:28:50 hpPav kernel: scsi host2: ahci
Feb 09 12:28:50 hpPav kernel: scsi host3: ahci
Feb 09 12:28:50 hpPav kernel: scsi host4: ahci
Feb 09 12:28:50 hpPav kernel: scsi host5: ahci
Feb 09 12:28:50 hpPav kernel: ata1: SATA max UDMA/133 abar m2048@0xa351a000 port 0xa351a100 irq 125
Feb 09 12:28:50 hpPav kernel: ata2: DUMMY
Feb 09 12:28:50 hpPav kernel: ata3: SATA max UDMA/133 abar m2048@0xa351a000 port 0xa351a200 irq 125
Feb 09 12:28:50 hpPav kernel: ata4: SATA max UDMA/133 abar m2048@0xa351a000 port 0xa351a280 irq 125
Feb 09 12:28:50 hpPav kernel: ata5: SATA max UDMA/133 abar m2048@0xa351a000 port 0xa351a300 irq 125
Feb 09 12:28:50 hpPav kernel: ata6: SATA max UDMA/133 abar m2048@0xa351a000 port 0xa351a380 irq 125
Feb 09 12:28:50 hpPav kernel: tsc: Refined TSC clocksource calibration: 3192.005 MHz
Feb 09 12:28:50 hpPav kernel: clocksource: tsc: mask: 0xffffffffffffffff max_cycles: 0x2e02c947f19, max_idle_ns: 440795256457 ns
Feb 09 12:28:50 hpPav kernel: clocksource: Switched to clocksource tsc
Feb 09 12:28:50 hpPav kernel: usb 1-1: new high-speed USB device number 2 using xhci_hcd
Feb 09 12:28:50 hpPav kernel: ata6: SATA link down (SStatus 4 SControl 300)
Feb 09 12:28:50 hpPav kernel: ata1: SATA link up 6.0 Gbps (SStatus 133 SControl 300)
Feb 09 12:28:50 hpPav kernel: ata5: SATA link down (SStatus 4 SControl 300)
Feb 09 12:28:50 hpPav kernel: ata4: SATA link down (SStatus 4 SControl 300)
Feb 09 12:28:50 hpPav kernel: ata3: SATA link up 1.5 Gbps (SStatus 113 SControl 300)
Feb 09 12:28:50 hpPav kernel: ata1.00: ATA-9: TOSHIBA DT01ACA100, MS2OA8L0, max UDMA/133
Feb 09 12:28:50 hpPav kernel: ata1.00: 1953525168 sectors, multi 16: LBA48 NCQ (depth 32), AA
Feb 09 12:28:50 hpPav kernel: ata1.00: configured for UDMA/133
Feb 09 12:28:50 hpPav kernel: scsi 0:0:0:0: Direct-Access     ATA      TOSHIBA DT01ACA1 A8L0 PQ: 0 ANSI: 5
Feb 09 12:28:50 hpPav kernel: ata3.00: ATAPI: hp HLDS  DVDRW  GUD1N, LD04, max UDMA/100
Feb 09 12:28:50 hpPav kernel: sd 0:0:0:0: Attached scsi generic sg0 type 0
Feb 09 12:28:50 hpPav kernel: sd 0:0:0:0: [sda] 1953525168 512-byte logical blocks: (1.00 TB/932 GiB)
Feb 09 12:28:50 hpPav kernel: sd 0:0:0:0: [sda] 4096-byte physical blocks
Feb 09 12:28:50 hpPav kernel: sd 0:0:0:0: [sda] Write Protect is off
Feb 09 12:28:50 hpPav kernel: sd 0:0:0:0: [sda] Mode Sense: 00 3a 00 00
Feb 09 12:28:50 hpPav kernel: sd 0:0:0:0: [sda] Write cache: enabled, read cache: enabled, doesn't support DPO or FUA
Feb 09 12:28:50 hpPav kernel: ata3.00: configured for UDMA/100
Feb 09 12:28:50 hpPav kernel: scsi 2:0:0:0: CD-ROM            hp HLDS  DVDRW  GUD1N     LD04 PQ: 0 ANSI: 5
Feb 09 12:28:50 hpPav kernel: usb 1-1: New USB device found, idVendor=05e3, idProduct=0608, bcdDevice=88.32
Feb 09 12:28:50 hpPav kernel: usb 1-1: New USB device strings: Mfr=0, Product=1, SerialNumber=0
Feb 09 12:28:50 hpPav kernel: usb 1-1: Product: USB2.0 Hub
Feb 09 12:28:50 hpPav kernel: hub 1-1:1.0: USB hub found
Feb 09 12:28:50 hpPav kernel: hub 1-1:1.0: 4 ports detected
Feb 09 12:28:50 hpPav kernel: sr 2:0:0:0: [sr0] scsi3-mmc drive: 24x/24x writer dvd-ram cd/rw xa/form2 cdda tray
Feb 09 12:28:50 hpPav kernel: cdrom: Uniform CD-ROM driver Revision: 3.20
Feb 09 12:28:50 hpPav kernel:  sda: sda1 sda2 sda3
Feb 09 12:28:50 hpPav kernel: sd 0:0:0:0: [sda] Attached SCSI disk
Feb 09 12:28:50 hpPav kernel: sr 2:0:0:0: Attached scsi CD-ROM sr0
Feb 09 12:28:50 hpPav kernel: sr 2:0:0:0: Attached scsi generic sg1 type 5
Feb 09 12:28:50 hpPav kernel: usb 1-3: new full-speed USB device number 3 using xhci_hcd
Feb 09 12:28:50 hpPav kernel: usb 1-3: New USB device found, idVendor=1038, idProduct=1607, bcdDevice= 0.15
Feb 09 12:28:50 hpPav kernel: usb 1-3: New USB device strings: Mfr=1, Product=2, SerialNumber=0
Feb 09 12:28:50 hpPav kernel: usb 1-3: Product: SteelSeries Apex M500 Gaming Keyboard
Feb 09 12:28:50 hpPav kernel: usb 1-3: Manufacturer: SteelSeries
Feb 09 12:28:50 hpPav kernel: usb 1-1.1: new full-speed USB device number 4 using xhci_hcd
Feb 09 12:28:50 hpPav kernel: usb 1-1.1: New USB device found, idVendor=046d, idProduct=08dd, bcdDevice= 1.00
Feb 09 12:28:50 hpPav kernel: usb 1-1.1: New USB device strings: Mfr=0, Product=0, SerialNumber=0
Feb 09 12:28:50 hpPav kernel: usb 1-6: new full-speed USB device number 5 using xhci_hcd
Feb 09 12:28:50 hpPav kernel: usb 1-6: New USB device found, idVendor=04d9, idProduct=a067, bcdDevice= 1.06
Feb 09 12:28:50 hpPav kernel: usb 1-6: New USB device strings: Mfr=1, Product=2, SerialNumber=0
Feb 09 12:28:50 hpPav kernel: usb 1-6: Product: USB Gaming Mouse
Feb 09 12:28:50 hpPav kernel: usb 1-6: Manufacturer: Holtek
Feb 09 12:28:50 hpPav kernel: usb 1-14: new full-speed USB device number 6 using xhci_hcd
Feb 09 12:28:50 hpPav kernel: usb 1-14: New USB device found, idVendor=0bda, idProduct=b00a, bcdDevice= 1.10
Feb 09 12:28:50 hpPav kernel: usb 1-14: New USB device strings: Mfr=1, Product=2, SerialNumber=3
Feb 09 12:28:50 hpPav kernel: usb 1-14: Product: Bluetooth Radio 
Feb 09 12:28:50 hpPav kernel: usb 1-14: Manufacturer: Realtek 
Feb 09 12:28:50 hpPav kernel: usb 1-14: SerialNumber: 00e04c000001
Feb 09 12:28:50 hpPav kernel: hid: raw HID events driver (C) Jiri Kosina
Feb 09 12:28:50 hpPav kernel: usbcore: registered new interface driver usbhid
Feb 09 12:28:50 hpPav kernel: usbhid: USB HID core driver
Feb 09 12:28:50 hpPav kernel: input: SteelSeries SteelSeries Apex M500 Gaming Keyboard as /devices/pci0000:00/0000:00:14.0/usb1/1-3/1-3:1.0/0003:1038:1607.0001/input/input3
Feb 09 12:28:50 hpPav kernel: hid-generic 0003:1038:1607.0001: input,hidraw0: USB HID v1.11 Keyboard [SteelSeries SteelSeries Apex M500 Gaming Keyboard] on usb-0000:00:14.0-3/input0
Feb 09 12:28:50 hpPav kernel: hid-generic 0003:1038:1607.0002: hiddev0,hidraw1: USB HID v1.11 Device [SteelSeries SteelSeries Apex M500 Gaming Keyboard] on usb-0000:00:14.0-3/input1
Feb 09 12:28:50 hpPav kernel: input: SteelSeries SteelSeries Apex M500 Gaming Keyboard as /devices/pci0000:00/0000:00:14.0/usb1/1-3/1-3:1.2/0003:1038:1607.0003/input/input4
Feb 09 12:28:50 hpPav kernel: hid-generic 0003:1038:1607.0003: input,hidraw2: USB HID v1.11 Device [SteelSeries SteelSeries Apex M500 Gaming Keyboard] on usb-0000:00:14.0-3/input2
Feb 09 12:28:50 hpPav kernel: input: SteelSeries SteelSeries Apex M500 Gaming Keyboard as /devices/pci0000:00/0000:00:14.0/usb1/1-3/1-3:1.3/0003:1038:1607.0004/input/input5
Feb 09 12:28:50 hpPav kernel: hid-generic 0003:1038:1607.0004: input,hidraw3: USB HID v1.11 Keyboard [SteelSeries SteelSeries Apex M500 Gaming Keyboard] on usb-0000:00:14.0-3/input3
Feb 09 12:28:50 hpPav kernel: input: Holtek USB Gaming Mouse as /devices/pci0000:00/0000:00:14.0/usb1/1-6/1-6:1.0/0003:04D9:A067.0005/input/input6
Feb 09 12:28:50 hpPav kernel: holtek_mouse 0003:04D9:A067.0005: input,hidraw4: USB HID v1.10 Keyboard [Holtek USB Gaming Mouse] on usb-0000:00:14.0-6/input0
Feb 09 12:28:50 hpPav kernel: holtek_mouse 0003:04D9:A067.0006: Fixing up report descriptor
Feb 09 12:28:50 hpPav kernel: input: Holtek USB Gaming Mouse as /devices/pci0000:00/0000:00:14.0/usb1/1-6/1-6:1.1/0003:04D9:A067.0006/input/input7
Feb 09 12:28:50 hpPav kernel: holtek_mouse 0003:04D9:A067.0006: input,hiddev1,hidraw5: USB HID v1.10 Mouse [Holtek USB Gaming Mouse] on usb-0000:00:14.0-6/input1
Feb 09 12:28:50 hpPav kernel: holtek_mouse 0003:04D9:A067.0007: hiddev2,hidraw6: USB HID v1.10 Device [Holtek USB Gaming Mouse] on usb-0000:00:14.0-6/input2
Feb 09 12:28:50 hpPav kernel: fbcon: Taking over console
Feb 09 12:28:50 hpPav kernel: Console: switching to colour frame buffer device 240x67
Feb 09 12:28:50 hpPav kernel: EXT4-fs (sda3): mounted filesystem with ordered data mode. Opts: (null). Quota mode: none.
Feb 09 12:28:50 hpPav systemd[1]: Inserted module 'autofs4'
Feb 09 12:28:50 hpPav systemd[1]: systemd 245.4-4ubuntu3.15 running in system mode. (+PAM +AUDIT +SELINUX +IMA +APPARMOR +SMACK +SYSVINIT +UTMP +LIBCRYPTSETUP +GCRYPT +GNUTLS +ACL +XZ +LZ4 +SECCOMP +BLKID +ELFUTILS +KMOD +IDN2 -IDN +PCRE2 default-hierarchy=hybrid)
Feb 09 12:28:50 hpPav systemd[1]: Detected architecture x86-64.
Feb 09 12:28:50 hpPav systemd[1]: Set hostname to <hpPav>.
Feb 09 12:28:50 hpPav kernel: Lockdown: systemd: /dev/mem,kmem,port is restricted; see man kernel_lockdown.7
Feb 09 12:28:50 hpPav systemd[1]: /etc/systemd/system/vpnagentd.service:10: PIDFile= references a path below legacy directory /var/run/, updating /var/run/vpnagentd.pid  /run/vpnagentd.pid; please update the unit file accordingly.
Feb 09 12:28:50 hpPav systemd[1]: Created slice system-modprobe.slice.
Feb 09 12:28:50 hpPav systemd[1]: Created slice system-systemd\x2dfsck.slice.
Feb 09 12:28:50 hpPav systemd[1]: Created slice User and Session Slice.
Feb 09 12:28:50 hpPav systemd[1]: Started Forward Password Requests to Wall Directory Watch.
Feb 09 12:28:50 hpPav systemd[1]: Set up automount Arbitrary Executable File Formats File System Automount Point.
Feb 09 12:28:50 hpPav systemd[1]: Reached target User and Group Name Lookups.
Feb 09 12:28:50 hpPav systemd[1]: Reached target Remote File Systems.
Feb 09 12:28:50 hpPav systemd[1]: Reached target Slices.
Feb 09 12:28:50 hpPav systemd[1]: Listening on Syslog Socket.
Feb 09 12:28:50 hpPav systemd[1]: Listening on fsck to fsckd communication Socket.
Feb 09 12:28:50 hpPav systemd[1]: Listening on initctl Compatibility Named Pipe.
Feb 09 12:28:50 hpPav systemd[1]: Listening on Journal Audit Socket.
Feb 09 12:28:50 hpPav systemd[1]: Listening on Journal Socket (/dev/log).
Feb 09 12:28:50 hpPav systemd[1]: Listening on Journal Socket.
Feb 09 12:28:50 hpPav systemd[1]: Listening on udev Control Socket.
Feb 09 12:28:50 hpPav systemd[1]: Listening on udev Kernel Socket.
Feb 09 12:28:50 hpPav systemd[1]: Mounting Huge Pages File System...
Feb 09 12:28:50 hpPav systemd[1]: Mounting POSIX Message Queue File System...
Feb 09 12:28:50 hpPav systemd[1]: Mounting Kernel Debug File System...
Feb 09 12:28:50 hpPav systemd[1]: Mounting Kernel Trace File System...
Feb 09 12:28:50 hpPav systemd[1]: Starting Journal Service...
Feb 09 12:28:50 hpPav systemd[1]: Starting Set the console keyboard layout...
Feb 09 12:28:50 hpPav systemd[1]: Starting Create list of static device nodes for the current kernel...
Feb 09 12:28:50 hpPav systemd[1]: Starting Load Kernel Module drm...
Feb 09 12:28:50 hpPav systemd[1]: Condition check resulted in Set Up Additional Binary Formats being skipped.
Feb 09 12:28:50 hpPav systemd[1]: Condition check resulted in File System Check on Root Device being skipped.
Feb 09 12:28:50 hpPav systemd[1]: Starting Load Kernel Modules...
Feb 09 12:28:50 hpPav systemd[1]: Starting Remount Root and Kernel File Systems...
Feb 09 12:28:50 hpPav systemd[1]: Starting udev Coldplug all Devices...
Feb 09 12:28:50 hpPav systemd[1]: Starting Uncomplicated firewall...
Feb 09 12:28:50 hpPav systemd[1]: Mounted Huge Pages File System.
Feb 09 12:28:50 hpPav systemd[1]: Mounted POSIX Message Queue File System.
Feb 09 12:28:50 hpPav systemd[1]: Mounted Kernel Debug File System.
Feb 09 12:28:50 hpPav systemd[1]: Mounted Kernel Trace File System.
Feb 09 12:28:50 hpPav systemd[1]: Finished Create list of static device nodes for the current kernel.
Feb 09 12:28:50 hpPav systemd-journald[365]: Journal started
Feb 09 12:28:50 hpPav systemd-journald[365]: Runtime Journal (/run/log/journal/a8fba668a2d84d94a2e1b9ad30e3ac9e) is 8.0M, max 158.6M, 150.6M free.
Feb 09 12:28:50 hpPav systemd[1]: Started Journal Service.
Feb 09 12:28:50 hpPav systemd[1]: modprobe@drm.service: Succeeded.
Feb 09 12:28:50 hpPav systemd[1]: Finished Load Kernel Module drm.
Feb 09 12:28:50 hpPav kernel: EXT4-fs (sda3): re-mounted. Opts: errors=remount-ro. Quota mode: none.
Feb 09 12:28:50 hpPav systemd[1]: Finished Remount Root and Kernel File Systems.
Feb 09 12:28:50 hpPav systemd[1]: Activating swap /swapfile...
Feb 09 12:28:50 hpPav systemd[1]: Condition check resulted in Rebuild Hardware Database being skipped.
Feb 09 12:28:50 hpPav systemd[1]: Starting Flush Journal to Persistent Storage...
Feb 09 12:28:50 hpPav systemd[1]: Condition check resulted in Platform Persistent Storage Archival being skipped.
Feb 09 12:28:50 hpPav systemd[1]: Starting Load/Save Random Seed...
Feb 09 12:28:50 hpPav systemd[1]: Starting Create System Users...
Feb 09 12:28:50 hpPav systemd[1]: Finished udev Coldplug all Devices.
Feb 09 12:28:50 hpPav systemd-journald[365]: Time spent on flushing to /var/log/journal/a8fba668a2d84d94a2e1b9ad30e3ac9e is 1.019890s for 946 entries.
Feb 09 12:28:50 hpPav systemd-journald[365]: System Journal (/var/log/journal/a8fba668a2d84d94a2e1b9ad30e3ac9e) is 1.4G, max 4.0G, 2.5G free.
Feb 09 12:29:05 hpPav kernel: Adding 2097148k swap on /swapfile.  Priority:-2 extents:6 across:2260988k FS
Feb 09 12:29:05 hpPav kernel: lp: driver loaded but no devices found
Feb 09 12:29:05 hpPav kernel: ppdev: user-space parallel port driver
Feb 09 12:29:05 hpPav kernel: loop0: detected capacity change from 0 to 113640
Feb 09 12:29:05 hpPav kernel: loop1: detected capacity change from 0 to 8
Feb 09 12:29:05 hpPav kernel: loop2: detected capacity change from 0 to 113680
Feb 09 12:29:05 hpPav kernel: loop3: detected capacity change from 0 to 126784
Feb 09 12:29:05 hpPav kernel: loop4: detected capacity change from 0 to 126792
Feb 09 12:29:05 hpPav kernel: loop5: detected capacity change from 0 to 567376
Feb 09 12:29:05 hpPav kernel: loop6: detected capacity change from 0 to 801328
Feb 09 12:29:05 hpPav kernel: loop7: detected capacity change from 0 to 333552
Feb 09 12:29:05 hpPav kernel: loop8: detected capacity change from 0 to 337424
Feb 09 12:29:05 hpPav kernel: loop9: detected capacity change from 0 to 448512
Feb 09 12:29:05 hpPav kernel: loop10: detected capacity change from 0 to 448512
Feb 09 12:29:05 hpPav kernel: loop11: detected capacity change from 0 to 507712
Feb 09 12:29:05 hpPav kernel: loop12: detected capacity change from 0 to 133320
Feb 09 12:29:05 hpPav kernel: loop13: detected capacity change from 0 to 496320
Feb 09 12:29:05 hpPav kernel: loop14: detected capacity change from 0 to 133552
Feb 09 12:29:05 hpPav kernel: loop15: detected capacity change from 0 to 387936
Feb 09 12:29:05 hpPav kernel: loop16: detected capacity change from 0 to 382920
Feb 09 12:29:05 hpPav kernel: loop17: detected capacity change from 0 to 533936
Feb 09 12:29:05 hpPav kernel: loop18: detected capacity change from 0 to 868688
Feb 09 12:29:05 hpPav kernel: loop19: detected capacity change from 0 to 662544
Feb 09 12:29:05 hpPav kernel: loop20: detected capacity change from 0 to 188200
Feb 09 12:29:05 hpPav kernel: loop21: detected capacity change from 0 to 188200
Feb 09 12:29:05 hpPav kernel: loop22: detected capacity change from 0 to 11608
Feb 09 12:29:05 hpPav kernel: loop23: detected capacity change from 0 to 104360
Feb 09 12:29:05 hpPav kernel: loop24: detected capacity change from 0 to 12064
Feb 09 12:29:05 hpPav kernel: loop25: detected capacity change from 0 to 88616
Feb 09 12:29:05 hpPav kernel: loop26: detected capacity change from 0 to 111080
Feb 09 12:29:05 hpPav kernel: loop27: detected capacity change from 0 to 342664
Feb 09 12:29:05 hpPav kernel: loop28: detected capacity change from 0 to 344512
Feb 09 12:29:05 hpPav kernel: loop29: detected capacity change from 0 to 88952
Feb 09 12:29:05 hpPav kernel: loop30: detected capacity change from 0 to 178240
Feb 09 12:29:05 hpPav kernel: loop31: detected capacity change from 0 to 179152
Feb 09 12:29:05 hpPav kernel: loop32: detected capacity change from 0 to 620696
Feb 09 12:29:05 hpPav kernel: loop33: detected capacity change from 0 to 620704
Feb 09 12:29:05 hpPav kernel: loop34: detected capacity change from 0 to 661136
Feb 09 12:29:05 hpPav kernel: loop35: detected capacity change from 0 to 661296
Feb 09 12:29:05 hpPav kernel: loop36: detected capacity change from 0 to 710608
Feb 09 12:29:05 hpPav kernel: loop37: detected capacity change from 0 to 710248
Feb 09 12:29:05 hpPav kernel: pstore: Using crash dump compression: deflate
Feb 09 12:29:05 hpPav kernel: pstore: Registered efi as persistent store backend
Feb 09 12:29:05 hpPav kernel: ee1004 0-0050: 512 byte EE1004-compliant SPD EEPROM, read-only
Feb 09 12:29:05 hpPav kernel: EDAC ie31200: No ECC support
Feb 09 12:29:05 hpPav kernel: dw-apb-uart.2: ttyS4 at MMIO 0xa351e000 (irq = 20, base_baud = 7500000) is a 16550A
Feb 09 12:29:05 hpPav kernel: RAPL PMU: API unit is 2^-32 Joules, 3 fixed counters, 655360 ms ovfl timer
Feb 09 12:29:05 hpPav kernel: RAPL PMU: hw unit of domain pp0-core 2^-14 Joules
Feb 09 12:29:05 hpPav kernel: RAPL PMU: hw unit of domain package 2^-14 Joules
Feb 09 12:29:05 hpPav kernel: RAPL PMU: hw unit of domain dram 2^-14 Joules
Feb 09 12:29:05 hpPav kernel: input: HP WMI hotkeys as /devices/virtual/input/input8
Feb 09 12:29:05 hpPav kernel: mei_me 0000:00:16.0: enabling device (0000 -> 0002)
Feb 09 12:29:05 hpPav kernel: cryptd: max_cpu_qlen set to 1000
Feb 09 12:29:05 hpPav kernel: Bluetooth: Core ver 2.22
Feb 09 12:29:05 hpPav kernel: NET: Registered protocol family 31
Feb 09 12:29:05 hpPav kernel: Bluetooth: HCI device and connection manager initialized
Feb 09 12:29:05 hpPav kernel: Bluetooth: HCI socket layer initialized
Feb 09 12:29:05 hpPav kernel: Bluetooth: L2CAP socket layer initialized
Feb 09 12:29:05 hpPav kernel: Bluetooth: SCO socket layer initialized
Feb 09 12:29:05 hpPav kernel: usbcore: registered new interface driver btusb
Feb 09 12:29:05 hpPav kernel: Bluetooth: hci0: RTL: examining hci_ver=08 hci_rev=000c lmp_ver=08 lmp_subver=8821
Feb 09 12:29:05 hpPav kernel: Bluetooth: hci0: RTL: rom_version status=0 version=1
Feb 09 12:29:05 hpPav kernel: Bluetooth: hci0: RTL: loading rtl_bt/rtl8821c_fw.bin
Feb 09 12:29:05 hpPav kernel: AVX2 version of gcm_enc/dec engaged.
Feb 09 12:29:05 hpPav kernel: AES CTR mode by8 optimization enabled
Feb 09 12:29:05 hpPav kernel: mc: Linux media interface: v0.10
Feb 09 12:29:05 hpPav kernel: intel_tcc_cooling: Programmable TCC Offset detected
Feb 09 12:29:05 hpPav kernel: Bluetooth: hci0: RTL: loading rtl_bt/rtl8821c_config.bin
Feb 09 12:29:05 hpPav kernel: Bluetooth: hci0: RTL: cfg_sz 10, total sz 31990
Feb 09 12:29:05 hpPav kernel: cfg80211: Loading compiled-in X.509 certificates for regulatory database
Feb 09 12:29:05 hpPav kernel: cfg80211: Loaded X.509 cert 'sforshee: 00b28ddf47aef9cea7'
Feb 09 12:29:05 hpPav kernel: videodev: Linux video capture interface: v2.00
Feb 09 12:29:05 hpPav kernel: intel_rapl_common: Found RAPL domain package
Feb 09 12:29:05 hpPav kernel: intel_rapl_common: Found RAPL domain core
Feb 09 12:29:05 hpPav kernel: intel_rapl_common: Found RAPL domain dram
Feb 09 12:29:05 hpPav kernel: Bluetooth: hci0: RTL: fw version 0x829a7644
Feb 09 12:28:59 hpPav mtp-probe[516]: checking bus 1, device 5: "/sys/devices/pci0000:00/0000:00:14.0/usb1/1-6"
Feb 09 12:28:50 hpPav systemd[1]: Finished Set the console keyboard layout.
Feb 09 12:28:59 hpPav mtp-probe[515]: checking bus 1, device 3: "/sys/devices/pci0000:00/0000:00:14.0/usb1/1-3"
Feb 09 12:28:50 hpPav systemd[1]: Finished Uncomplicated firewall.
Feb 09 12:28:59 hpPav mtp-probe[517]: checking bus 1, device 4: "/sys/devices/pci0000:00/0000:00:14.0/usb1/1-1/1-1.1"
Feb 09 12:28:50 hpPav systemd[1]: Activated swap /swapfile.
Feb 09 12:28:59 hpPav mtp-probe[516]: bus: 1, device: 5 was not an MTP device
Feb 09 12:28:50 hpPav systemd[1]: Reached target Swap.
Feb 09 12:28:59 hpPav mtp-probe[517]: bus: 1, device: 4 was not an MTP device
Feb 09 12:28:51 hpPav systemd-modules-load[370]: Inserted module 'lp'
Feb 09 12:28:59 hpPav mtp-probe[515]: bus: 1, device: 3 was not an MTP device
Feb 09 12:28:51 hpPav systemd-modules-load[370]: Inserted module 'ppdev'
Feb 09 12:28:51 hpPav systemd-modules-load[370]: Inserted module 'parport_pc'
Feb 09 12:28:51 hpPav systemd[1]: Finished Load/Save Random Seed.
Feb 09 12:28:51 hpPav systemd[1]: Finished Create System Users.
Feb 09 12:28:51 hpPav systemd[1]: Starting Create Static Device Nodes in /dev...
Feb 09 12:28:51 hpPav systemd-modules-load[370]: Inserted module 'msr'
Feb 09 12:28:51 hpPav systemd[1]: Finished Load Kernel Modules.
Feb 09 12:28:51 hpPav systemd[1]: Mounting FUSE Control File System...
Feb 09 12:28:51 hpPav systemd[1]: Mounting Kernel Configuration File System...
Feb 09 12:28:51 hpPav systemd[1]: Starting Apply Kernel Variables...
Feb 09 12:28:51 hpPav systemd[1]: Mounted FUSE Control File System.
Feb 09 12:28:51 hpPav systemd[1]: Mounted Kernel Configuration File System.
Feb 09 12:28:52 hpPav systemd[1]: Finished Create Static Device Nodes in /dev.
Feb 09 12:28:52 hpPav systemd[1]: Reached target Local File Systems (Pre).
Feb 09 12:28:52 hpPav systemd-sysctl[390]: Not setting net/ipv4/conf/all/promote_secondaries (explicit setting exists).
Feb 09 12:28:52 hpPav systemd-sysctl[390]: Not setting net/ipv4/conf/default/promote_secondaries (explicit setting exists).
Feb 09 12:28:52 hpPav systemd[1]: Mounting Mount unit for bare, revision 5...
Feb 09 12:28:52 hpPav systemd[1]: Mounting Mount unit for core18, revision 2253...
Feb 09 12:28:52 hpPav systemd[1]: Mounting Mount unit for core18, revision 2284...
Feb 09 12:28:53 hpPav systemd[1]: Mounting Mount unit for core20, revision 1270...
Feb 09 12:28:53 hpPav systemd[1]: Mounting Mount unit for core20, revision 1328...
Feb 09 12:28:53 hpPav systemd[1]: Mounting Mount unit for gimp, revision 380...
Feb 09 12:28:53 hpPav systemd[1]: Mounting Mount unit for gimp, revision 383...
Feb 09 12:28:53 hpPav systemd[1]: Mounting Mount unit for gnome-3-28-1804, revision 145...
Feb 09 12:28:53 hpPav systemd[1]: Mounting Mount unit for gnome-3-28-1804, revision 161...
Feb 09 12:28:53 hpPav systemd[1]: Mounting Mount unit for gnome-3-34-1804, revision 72...
Feb 09 12:28:53 hpPav systemd[1]: Mounting Mount unit for gnome-3-34-1804, revision 77...
Feb 09 12:28:53 hpPav systemd[1]: Mounting Mount unit for gnome-3-38-2004, revision 76...
Feb 09 12:28:53 hpPav systemd[1]: Mounting Mount unit for gnome-3-38-2004, revision 87...
Feb 09 12:28:53 hpPav systemd[1]: Mounting Mount unit for gtk-common-themes, revision 1515...
Feb 09 12:28:53 hpPav systemd[1]: Mounting Mount unit for gtk-common-themes, revision 1519...
Feb 09 12:28:53 hpPav systemd[1]: Mounting Mount unit for inkscape, revision 9711...
Feb 09 12:28:53 hpPav systemd[1]: Mounting Mount unit for inkscape, revision 9866...
Feb 09 12:28:54 hpPav systemd[1]: Mounting Mount unit for kde-frameworks-5-core18, revision 32...
Feb 09 12:28:54 hpPav systemd[1]: Mounting Mount unit for kde-frameworks-5-qt-5-15-3-core20, revision 8...
Feb 09 12:28:54 hpPav systemd[1]: Mounting Mount unit for kde-frameworks-5-qt-5-15-core20, revision 14...
Feb 09 12:28:54 hpPav systemd[1]: Mounting Mount unit for kolourpaint, revision 69...
Feb 09 12:28:54 hpPav systemd[1]: Mounting Mount unit for kolourpaint, revision 70...
Feb 09 12:28:54 hpPav systemd[1]: Mounting Mount unit for notepad-plus-plus, revision 340...
Feb 09 12:28:54 hpPav systemd[1]: Mounting Mount unit for notepad-plus-plus, revision 343...
Feb 09 12:28:54 hpPav systemd[1]: Mounting Mount unit for snap-store, revision 547...
Feb 09 12:28:54 hpPav systemd[1]: Mounting Mount unit for snap-store, revision 558...
Feb 09 12:28:54 hpPav systemd[1]: Mounting Mount unit for snapd, revision 14295...
Feb 09 12:28:55 hpPav systemd[1]: Mounting Mount unit for snapd, revision 14549...
Feb 09 12:28:55 hpPav systemd[1]: Mounting Mount unit for spotify, revision 56...
Feb 09 12:28:55 hpPav systemd[1]: Mounting Mount unit for spotify, revision 57...
Feb 09 12:28:55 hpPav systemd[1]: Mounting Mount unit for teams-for-linux, revision 205...
Feb 09 12:28:55 hpPav systemd[1]: Mounting Mount unit for teams-for-linux, revision 221...
Feb 09 12:28:55 hpPav systemd[1]: Mounting Mount unit for wine-platform-5-stable, revision 16...
Feb 09 12:28:55 hpPav systemd[1]: Mounting Mount unit for wine-platform-5-stable, revision 18...
Feb 09 12:28:56 hpPav systemd[1]: Mounting Mount unit for wine-platform-6-stable, revision 14...
Feb 09 12:28:56 hpPav systemd[1]: Mounting Mount unit for wine-platform-6-stable, revision 8...
Feb 09 12:28:56 hpPav systemd[1]: Mounting Mount unit for wine-platform-runtime, revision 283...
Feb 09 12:28:56 hpPav systemd[1]: Mounting Mount unit for wine-platform-runtime, revision 284...
Feb 09 12:28:56 hpPav systemd[1]: Starting udev Kernel Device Manager...
Feb 09 12:28:56 hpPav systemd[1]: Finished Apply Kernel Variables.
Feb 09 12:28:56 hpPav systemd[1]: Mounted Mount unit for bare, revision 5.
Feb 09 12:28:56 hpPav systemd[1]: Mounted Mount unit for core18, revision 2253.
Feb 09 12:28:56 hpPav systemd[1]: Mounted Mount unit for core18, revision 2284.
Feb 09 12:28:56 hpPav systemd[1]: Mounted Mount unit for core20, revision 1270.
